Archive member included to satisfy reference by file (symbol)

../../Middlewares/ST/AI/Lib\NetworkRuntime801_CM4_GCC.a(ai_platform.o)
                              ./Application/User/X-CUBE-AI/App/network.o (ai_buffer_array_item_set_address)
../../Middlewares/ST/AI/Lib\NetworkRuntime801_CM4_GCC.a(ai_platform_interface.o)
                              ./Application/User/X-CUBE-AI/App/network.o (ai_platform_get_weights_map)
../../Middlewares/ST/AI/Lib\NetworkRuntime801_CM4_GCC.a(core_mem_manager.o)
                              ../../Middlewares/ST/AI/Lib\NetworkRuntime801_CM4_GCC.a(ai_platform_interface.o) (core_mem_alloc)
../../Middlewares/ST/AI/Lib\NetworkRuntime801_CM4_GCC.a(core_common.o)
                              ../../Middlewares/ST/AI/Lib\NetworkRuntime801_CM4_GCC.a(ai_platform_interface.o) (core_init)
../../Middlewares/ST/AI/Lib\NetworkRuntime801_CM4_GCC.a(layers_conv2d_generic_float.o)
                              ./Application/User/X-CUBE-AI/App/network.o (forward_dense)
../../Middlewares/ST/AI/Lib\NetworkRuntime801_CM4_GCC.a(layers_rnn_generic_float.o)
                              ./Application/User/X-CUBE-AI/App/network.o (forward_lstm)
../../Middlewares/ST/AI/Lib\NetworkRuntime801_CM4_GCC.a(layers_nl_generic_float.o)
                              ./Application/User/X-CUBE-AI/App/network.o (nl_func_sigmoid_array_f32)
../../Middlewares/ST/AI/Lib\NetworkRuntime801_CM4_GCC.a(layers.o)
                              ../../Middlewares/ST/AI/Lib\NetworkRuntime801_CM4_GCC.a(ai_platform_interface.o) (ai_check_custom_types)
../../Middlewares/ST/AI/Lib\NetworkRuntime801_CM4_GCC.a(lite_dense_if32.o)
                              ../../Middlewares/ST/AI/Lib\NetworkRuntime801_CM4_GCC.a(layers_conv2d_generic_float.o) (lite_dense_if32of32wf32)
../../Middlewares/ST/AI/Lib\NetworkRuntime801_CM4_GCC.a(ai_math_helpers.o)
                              ../../Middlewares/ST/AI/Lib\NetworkRuntime801_CM4_GCC.a(layers_nl_generic_float.o) (ai_math_sqrt)
../../Middlewares/ST/AI/Lib\NetworkRuntime801_CM4_GCC.a(st_convolve_reference.o)
                              ../../Middlewares/ST/AI/Lib\NetworkRuntime801_CM4_GCC.a(ai_math_helpers.o) (align_factor)
../../Middlewares/ST/AI/Lib\NetworkRuntime801_CM4_GCC.a(arm_mat_init_f32.o)
                              ../../Middlewares/ST/AI/Lib\NetworkRuntime801_CM4_GCC.a(layers_conv2d_generic_float.o) (arm_mat_init_f32)
../../Middlewares/ST/AI/Lib\NetworkRuntime801_CM4_GCC.a(ai_datatypes_internal.o)
                              ../../Middlewares/ST/AI/Lib\NetworkRuntime801_CM4_GCC.a(ai_platform_interface.o) (ai_version_get)
../../Middlewares/ST/AI/Lib\NetworkRuntime801_CM4_GCC.a(ai_datatypes_format.o)
                              ../../Middlewares/ST/AI/Lib\NetworkRuntime801_CM4_GCC.a(ai_platform_interface.o) (ai_array_to_buffer_fmt)
../../Middlewares/ST/AI/Lib\NetworkRuntime801_CM4_GCC.a(layers_conv2d_stm32_integer.o)
                              ../../Middlewares/ST/AI/Lib\NetworkRuntime801_CM4_GCC.a(layers.o) (get_conv2d_scratch_size)
../../Middlewares/ST/AI/Lib\NetworkRuntime801_CM4_GCC.a(st_ssua8_convolve_dw.o)
                              ../../Middlewares/ST/AI/Lib\NetworkRuntime801_CM4_GCC.a(layers_conv2d_stm32_integer.o) (st_ssua8_conv_dw_Wadapt)
../../Middlewares/ST/AI/Lib\NetworkRuntime801_CM4_GCC.a(st_uaua8_ch_convolve.o)
                              ../../Middlewares/ST/AI/Lib\NetworkRuntime801_CM4_GCC.a(layers_conv2d_stm32_integer.o) (st_uaua8_ch_convolve_rank1upd)
../../Middlewares/ST/AI/Lib\NetworkRuntime801_CM4_GCC.a(st_ssua8_ch_convolve.o)
                              ../../Middlewares/ST/AI/Lib\NetworkRuntime801_CM4_GCC.a(layers_conv2d_stm32_integer.o) (st_ssua8_ch_convolve_rank1upd)
../../Middlewares/ST/AI/Lib\NetworkRuntime801_CM4_GCC.a(st_uaua8_convolve.o)
                              ../../Middlewares/ST/AI/Lib\NetworkRuntime801_CM4_GCC.a(layers_conv2d_stm32_integer.o) (st_uaua8_convolve_rank1upd)
../../Middlewares/ST/AI/Lib\NetworkRuntime801_CM4_GCC.a(st_ssua8_convolve.o)
                              ../../Middlewares/ST/AI/Lib\NetworkRuntime801_CM4_GCC.a(layers_conv2d_stm32_integer.o) (st_ssua8_convolve_rank1upd)
../../Middlewares/ST/AI/Lib\NetworkRuntime801_CM4_GCC.a(st_uaua8_ch_convolve_rgb.o)
                              ../../Middlewares/ST/AI/Lib\NetworkRuntime801_CM4_GCC.a(layers_conv2d_stm32_integer.o) (st_uaua8_ch_convolve_rgb)
../../Middlewares/ST/AI/Lib\NetworkRuntime801_CM4_GCC.a(st_uaua8_ch_convolve_dw.o)
                              ../../Middlewares/ST/AI/Lib\NetworkRuntime801_CM4_GCC.a(layers_conv2d_stm32_integer.o) (st_uaua8_ch_conv_dw_Wadapt)
../../Middlewares/ST/AI/Lib\NetworkRuntime801_CM4_GCC.a(st_ssua8_ch_convolve_rgb.o)
                              ../../Middlewares/ST/AI/Lib\NetworkRuntime801_CM4_GCC.a(layers_conv2d_stm32_integer.o) (st_ssua8_ch_convolve_rgb)
../../Middlewares/ST/AI/Lib\NetworkRuntime801_CM4_GCC.a(st_uaua8_convolve_rgb.o)
[...]
Memory Configuration

Name             Origin             Length             Attributes
RAM              0x0000000020000000 0x0000000000010000 xrw
FLASH            0x0000000008000000 0x0000000000040000 xr
*default*        0x0000000000000000 0xffffffffffffffff

Linker script and memory map

LOAD f:/stm32cubeide_1.9.0/stm32cubeide/plugins/com.st.stm32cube.ide.mcu.externaltools.gnu-tools-for-stm32.10.3-2021.10.win32_1.0.0.202111181127/tools/bin/../lib/gcc/arm-none-eabi/10.3.1/thumb/v7e-m+fp/hard/crti.o
LOAD f:/stm32cubeide_1.9.0/stm32cubeide/plugins/com.st.stm32cube.ide.mcu.externaltools.gnu-tools-for-stm32.10.3-2021.10.win32_1.0.0.202111181127/tools/bin/../lib/gcc/arm-none-eabi/10.3.1/thumb/v7e-m+fp/hard/crtbegin.o
LOAD f:/stm32cubeide_1.9.0/stm32cubeide/plugins/com.st.stm32cube.ide.mcu.externaltools.gnu-tools-for-stm32.10.3-2021.10.win32_1.0.0.202111181127/tools/bin/../lib/gcc/arm-none-eabi/10.3.1/../../../../arm-none-eabi/lib/thumb/v7e-m+fp/hard/crt0.o
LOAD ./Application/User/Core/crc.o
LOAD ./Application/User/Core/gpio.o
LOAD ./Application/User/Core/i2c.o
LOAD ./Application/User/Core/main.o
LOAD ./Application/User/Core/rtc.o
LOAD ./Application/User/Core/stm32f4xx_hal_msp.o
LOAD ./Application/User/Core/stm32f4xx_hal_timebase_tim.o
LOAD ./Application/User/Core/stm32f4xx_it.o
LOAD ./Application/User/Core/syscalls.o
LOAD ./Application/User/Core/sysmem.o
LOAD ./Application/User/Startup/startup_stm32f401ccux.o
LOAD ./Application/User/X-CUBE-AI/App/app_x-cube-ai.o
LOAD ./Application/User/X-CUBE-AI/App/network.o
LOAD ./Application/User/X-CUBE-AI/App/network_data.o
LOAD ./Application/User/X-CUBE-AI/App/network_data_params.o
LOAD ./Drivers/CMSIS/system_stm32f4xx.o
LOAD ./Drivers/STM32F4xx_HAL_Driver/stm32f4xx_hal.o
LOAD ./Drivers/STM32F4xx_HAL_Driver/stm32f4xx_hal_cortex.o
LOAD ./Drivers/STM32F4xx_HAL_Driver/stm32f4xx_hal_crc.o
LOAD ./Drivers/STM32F4xx_HAL_Driver/stm32f4xx_hal_dma.o
LOAD ./Drivers/STM32F4xx_HAL_Driver/stm32f4xx_hal_dma_ex.o
LOAD ./Drivers/STM32F4xx_HAL_Driver/stm32f4xx_hal_exti.o
LOAD ./Drivers/STM32F4xx_HAL_Driver/stm32f4xx_hal_flash.o
LOAD ./Drivers/STM32F4xx_HAL_Driver/stm32f4xx_hal_flash_ex.o
LOAD ./Drivers/STM32F4xx_HAL_Driver/stm32f4xx_hal_flash_ramfunc.o
LOAD ./Drivers/STM32F4xx_HAL_Driver/stm32f4xx_hal_gpio.o
LOAD ./Drivers/STM32F4xx_HAL_Driver/stm32f4xx_hal_i2c.o
LOAD ./Drivers/STM32F4xx_HAL_Driver/stm32f4xx_hal_i2c_ex.o
LOAD ./Drivers/STM32F4xx_HAL_Driver/stm32f4xx_hal_pwr.o
LOAD ./Drivers/STM32F4xx_HAL_Driver/stm32f4xx_hal_pwr_ex.o
LOAD ./Drivers/STM32F4xx_HAL_Driver/stm32f4xx_hal_rcc.o
LOAD ./Drivers/STM32F4xx_HAL_Driver/stm32f4xx_hal_rcc_ex.o
LOAD ./Drivers/STM32F4xx_HAL_Driver/stm32f4xx_hal_rtc.o
LOAD ./Drivers/STM32F4xx_HAL_Driver/stm32f4xx_hal_rtc_ex.o
LOAD ./Drivers/STM32F4xx_HAL_Driver/stm32f4xx_hal_tim.o
LOAD ./Drivers/STM32F4xx_HAL_Driver/stm32f4xx_hal_tim_ex.o
LOAD ../../Middlewares/ST/AI/Lib\NetworkRuntime801_CM4_GCC.a
START GROUP
LOAD f:/stm32cubeide_1.9.0/stm32cubeide/plugins/com.st.stm32cube.ide.mcu.externaltools.gnu-tools-for-stm32.10.3-2021.10.win32_1.0.0.202111181127/tools/bin/../lib/gcc/arm-none-eabi/10.3.1/../../../../arm-none-eabi/lib/thumb/v7e-m+fp/hard\libc_nano.a
LOAD f:/stm32cubeide_1.9.0/stm32cubeide/plugins/com.st.stm32cube.ide.mcu.externaltools.gnu-tools-for-stm32.10.3-2021.10.win32_1.0.0.202111181127/tools/bin/../lib/gcc/arm-none-eabi/10.3.1/../../../../arm-none-eabi/lib/thumb/v7e-m+fp/hard\libm.a
END GROUP
START GROUP
LOAD f:/stm32cubeide_1.9.0/stm32cubeide/plugins/com.st.stm32cube.ide.mcu.externaltools.gnu-tools-for-stm32.10.3-2021.10.win32_1.0.0.202111181127/tools/bin/../lib/gcc/arm-none-eabi/10.3.1/thumb/v7e-m+fp/hard\libgcc.a
LOAD f:/stm32cubeide_1.9.0/stm32cubeide/plugins/com.st.stm32cube.ide.mcu.externaltools.gnu-tools-for-stm32.10.3-2021.10.win32_1.0.0.202111181127/tools/bin/../lib/gcc/arm-none-eabi/10.3.1/../../../../arm-none-eabi/lib/thumb/v7e-m+fp/hard\libc_nano.a
END GROUP
START GROUP
LOAD f:/stm32cubeide_1.9.0/stm32cubeide/plugins/com.st.stm32cube.ide.mcu.externaltools.gnu-tools-for-stm32.10.3-2021.10.win32_1.0.0.202111181127/tools/bin/../lib/gcc/arm-none-eabi/10.3.1/thumb/v7e-m+fp/hard\libgcc.a
LOAD f:/stm32cubeide_1.9.0/stm32cubeide/plugins/com.st.stm32cube.ide.mcu.externaltools.gnu-tools-for-stm32.10.3-2021.10.win32_1.0.0.202111181127/tools/bin/../lib/gcc/arm-none-eabi/10.3.1/../../../../arm-none-eabi/lib/thumb/v7e-m+fp/hard\libc_nano.a
LOAD f:/stm32cubeide_1.9.0/stm32cubeide/plugins/com.st.stm32cube.ide.mcu.externaltools.gnu-tools-for-stm32.10.3-2021.10.win32_1.0.0.202111181127/tools/bin/../lib/gcc/arm-none-eabi/10.3.1/../../../../arm-none-eabi/lib/thumb/v7e-m+fp/hard\libnosys.a
END GROUP
START GROUP
LOAD f:/stm32cubeide_1.9.0/stm32cubeide/plugins/com.st.stm32cube.ide.mcu.externaltools.gnu-tools-for-stm32.10.3-2021.10.win32_1.0.0.202111181127/tools/bin/../lib/gcc/arm-none-eabi/10.3.1/thumb/v7e-m+fp/hard\libgcc.a
LOAD f:/stm32cubeide_1.9.0/stm32cubeide/plugins/com.st.stm32cube.ide.mcu.externaltools.gnu-tools-for-stm32.10.3-2021.10.win32_1.0.0.202111181127/tools/bin/../lib/gcc/arm-none-eabi/10.3.1/../../../../arm-none-eabi/lib/thumb/v7e-m+fp/hard\libc_nano.a
LOAD f:/stm32cubeide_1.9.0/stm32cubeide/plugins/com.st.stm32cube.ide.mcu.externaltools.gnu-tools-for-stm32.10.3-2021.10.win32_1.0.0.202111181127/tools/bin/../lib/gcc/arm-none-eabi/10.3.1/../../../../arm-none-eabi/lib/thumb/v7e-m+fp/hard\libnosys.a
END GROUP
LOAD f:/stm32cubeide_1.9.0/stm32cubeide/plugins/com.st.stm32cube.ide.mcu.externaltools.gnu-tools-for-stm32.10.3-2021.10.win32_1.0.0.202111181127/tools/bin/../lib/gcc/arm-none-eabi/10.3.1/thumb/v7e-m+fp/hard/crtend.o
LOAD f:/stm32cubeide_1.9.0/stm32cubeide/plugins/com.st.stm32cube.ide.mcu.externaltools.gnu-tools-for-stm32.10.3-2021.10.win32_1.0.0.202111181127/tools/bin/../lib/gcc/arm-none-eabi/10.3.1/thumb/v7e-m+fp/hard/crtn.o
                0x0000000020010000                _estack = (ORIGIN (RAM) + LENGTH (RAM))
                0x0000000000000800                _Min_Heap_Size = 0x800
                0x0000000000000800                _Min_Stack_Size = 0x800

.isr_vector     0x0000000008000000      0x194
                0x0000000008000000                . = ALIGN (0x4)
 *(.isr_vector)
 .isr_vector    0x0000000008000000      0x194 ./Application/User/Startup/startup_stm32f401ccux.o
                0x0000000008000000                g_pfnVectors
                0x0000000008000194                . = ALIGN (0x4)

.text           0x00000000080001a0     0x78d4
                0x00000000080001a0                . = ALIGN (0x4)
 *(.text)
 .text          0x00000000080001a0       0x40 f:/stm32cubeide_1.9.0/stm32cubeide/plugins/com.st.stm32cube.ide.mcu.externaltools.gnu-tools-for-stm32.10.3-2021.10.win32_1.0.0.202111181127/tools/bin/../lib/gcc/arm-none-eabi/10.3.1/thumb/v7e-m+fp/hard/crtbegin.o
 .text          0x00000000080001e0       0xa0 f:/stm32cubeide_1.9.0/stm32cubeide/plugins/com.st.stm32cube.ide.mcu.externaltools.gnu-tools-for-stm32.10.3-2021.10.win32_1.0.0.202111181127/tools/bin/../lib/gcc/arm-none-eabi/10.3.1/../../../../arm-none-eabi/lib/thumb/v7e-m+fp/hard\libc_nano.a(lib_a-memchr.o)
                0x00000000080001e0                memchr
 .text          0x0000000008000280       0x30 f:/stm32cubeide_1.9.0/stm32cubeide/plugins/com.st.stm32cube.ide.mcu.externaltools.gnu-tools-for-stm32.10.3-2021.10.win32_1.0.0.202111181127/tools/bin/../lib/gcc/arm-none-eabi/10.3.1/thumb/v7e-m+fp/hard\libgcc.a(_aeabi_uldivmod.o)
                0x0000000008000280                __aeabi_uldivmod
 .text          0x00000000080002b0      0x2d0 f:/stm32cubeide_1.9.0/stm32cubeide/plugins/com.st.stm32cube.ide.mcu.externaltools.gnu-tools-for-stm32.10.3-2021.10.win32_1.0.0.202111181127/tools/bin/../lib/gcc/arm-none-eabi/10.3.1/thumb/v7e-m+fp/hard\libgcc.a(_udivmoddi4.o)
                0x00000000080002b0                __udivmoddi4
 .text          0x0000000008000580        0x4 f:/stm32cubeide_1.9.0/stm32cubeide/plugins/com.st.stm32cube.ide.mcu.externaltools.gnu-tools-for-stm32.10.3-2021.10.win32_1.0.0.202111181127/tools/bin/../lib/gcc/arm-none-eabi/10.3.1/thumb/v7e-m+fp/hard\libgcc.a(_dvmd_tls.o)
                0x0000000008000580                __aeabi_idiv0
                0x0000000008000580                __aeabi_ldiv0
 *(.text*)
 .text.MX_CRC_Init
                0x0000000008000584       0x28 ./Application/User/Core/crc.o
                0x0000000008000584                MX_CRC_Init
 .text.HAL_CRC_MspInit
                0x00000000080005ac       0x44 ./Application/User/Core/crc.o
                0x00000000080005ac                HAL_CRC_MspInit
 .text.MX_GPIO_Init
                0x00000000080005f0       0x6c ./Application/User/Core/gpio.o
                0x00000000080005f0                MX_GPIO_Init
 .text.MX_I2C1_Init
                0x000000000800065c       0x5c ./Application/User/Core/i2c.o
                0x000000000800065c                MX_I2C1_Init
 .text.HAL_I2C_MspInit
                0x00000000080006b8       0x90 ./Application/User/Core/i2c.o
                0x00000000080006b8                HAL_I2C_MspInit
 .text.main     0x0000000008000748       0x26 ./Application/User/Core/main.o
                0x0000000008000748                main
 *fill*         0x000000000800076e        0x2 
 .text.SystemClock_Config
                0x0000000008000770       0xd8 ./Application/User/Core/main.o
                0x0000000008000770                SystemClock_Config
 .text.HAL_TIM_PeriodElapsedCallback
                0x0000000008000848       0x24 ./Application/User/Core/main.o
                0x0000000008000848                HAL_TIM_PeriodElapsedCallback
 .text.Error_Handler
                0x000000000800086c        0xa ./Application/User/Core/main.o
                0x000000000800086c                Error_Handler
 *fill*         0x0000000008000876        0x2 
 .text.MX_RTC_Init
                0x0000000008000878       0xc8 ./Application/User/Core/rtc.o
                0x0000000008000878                MX_RTC_Init
 .text.HAL_RTC_MspInit
                0x0000000008000940       0x58 ./Application/User/Core/rtc.o
                0x0000000008000940                HAL_RTC_MspInit
 .text.HAL_MspInit
                0x0000000008000998       0x50 ./Application/User/Core/stm32f4xx_hal_msp.o
                0x0000000008000998                HAL_MspInit
 .text.HAL_InitTick
                0x00000000080009e8       0xb0 ./Application/User/Core/stm32f4xx_hal_timebase_tim.o
                0x00000000080009e8                HAL_InitTick
 .text.NMI_Handler
                0x0000000008000a98        0x6 ./Application/User/Core/stm32f4xx_it.o
                0x0000000008000a98                NMI_Handler
 .text.HardFault_Handler
                0x0000000008000a9e        0x6 ./Application/User/Core/stm32f4xx_it.o
                0x0000000008000a9e                HardFault_Handler
 .text.MemManage_Handler
                0x0000000008000aa4        0x6 ./Application/User/Core/stm32f4xx_it.o
                0x0000000008000aa4                MemManage_Handler
 .text.BusFault_Handler
                0x0000000008000aaa        0x6 ./Application/User/Core/stm32f4xx_it.o
                0x0000000008000aaa                BusFault_Handler
 .text.UsageFault_Handler
                0x0000000008000ab0        0x6 ./Application/User/Core/stm32f4xx_it.o
                0x0000000008000ab0                UsageFault_Handler
 .text.SVC_Handler
                0x0000000008000ab6        0xe ./Application/User/Core/stm32f4xx_it.o
                0x0000000008000ab6                SVC_Handler
 .text.DebugMon_Handler
                0x0000000008000ac4        0xe ./Application/User/Core/stm32f4xx_it.o
                0x0000000008000ac4                DebugMon_Handler
 .text.PendSV_Handler
                0x0000000008000ad2        0xe ./Application/User/Core/stm32f4xx_it.o
                0x0000000008000ad2                PendSV_Handler
 .text.SysTick_Handler
                0x0000000008000ae0        0xe ./Application/User/Core/stm32f4xx_it.o
                0x0000000008000ae0                SysTick_Handler
 *fill*         0x0000000008000aee        0x2 
 .text.TIM1_UP_TIM10_IRQHandler
                0x0000000008000af0       0x14 ./Application/User/Core/stm32f4xx_it.o
                0x0000000008000af0                TIM1_UP_TIM10_IRQHandler
 .text._read    0x0000000008000b04       0x3a ./Application/User/Core/syscalls.o
                0x0000000008000b04                _read
 .text._write   0x0000000008000b3e       0x38 ./Application/User/Core/syscalls.o
                0x0000000008000b3e                _write
 .text._close   0x0000000008000b76       0x18 ./Application/User/Core/syscalls.o
                0x0000000008000b76                _close
 .text._fstat   0x0000000008000b8e       0x20 ./Application/User/Core/syscalls.o
                0x0000000008000b8e                _fstat
 .text._isatty  0x0000000008000bae       0x16 ./Application/User/Core/syscalls.o
                0x0000000008000bae                _isatty
 .text._lseek   0x0000000008000bc4       0x1a ./Application/User/Core/syscalls.o
                0x0000000008000bc4                _lseek
 *fill*         0x0000000008000bde        0x2 
 .text._sbrk    0x0000000008000be0       0x6c ./Application/User/Core/sysmem.o
                0x0000000008000be0                _sbrk
 .text.Reset_Handler
                0x0000000008000c4c       0x50 ./Application/User/Startup/startup_stm32f401ccux.o
                0x0000000008000c4c                Reset_Handler
 .text.Default_Handler
                0x0000000008000c9c        0x2 ./Application/User/Startup/startup_stm32f401ccux.o
                0x0000000008000c9c                RTC_Alarm_IRQHandler
                0x0000000008000c9c                EXTI2_IRQHandler
                0x0000000008000c9c                SPI4_IRQHandler
                0x0000000008000c9c                TIM1_CC_IRQHandler
                0x0000000008000c9c                DMA2_Stream5_IRQHandler
                0x0000000008000c9c                DMA1_Stream5_IRQHandler
                0x0000000008000c9c                PVD_IRQHandler
                0x0000000008000c9c                SDIO_IRQHandler
                0x0000000008000c9c                TAMP_STAMP_IRQHandler
                0x0000000008000c9c                EXTI3_IRQHandler
                0x0000000008000c9c                I2C3_ER_IRQHandler
                0x0000000008000c9c                EXTI0_IRQHandler
                0x0000000008000c9c                I2C2_EV_IRQHandler
                0x0000000008000c9c                DMA1_Stream2_IRQHandler
                0x0000000008000c9c                FPU_IRQHandler
                0x0000000008000c9c                DMA2_Stream2_IRQHandler
                0x0000000008000c9c                SPI1_IRQHandler
                0x0000000008000c9c                TIM1_BRK_TIM9_IRQHandler
                0x0000000008000c9c                DMA2_Stream3_IRQHandler
                0x0000000008000c9c                USART6_IRQHandler
                0x0000000008000c9c                DMA2_Stream0_IRQHandler
                0x0000000008000c9c                TIM4_IRQHandler
                0x0000000008000c9c                I2C1_EV_IRQHandler
                0x0000000008000c9c                DMA1_Stream6_IRQHandler
                0x0000000008000c9c                DMA1_Stream1_IRQHandler
                0x0000000008000c9c                TIM3_IRQHandler
                0x0000000008000c9c                RCC_IRQHandler
                0x0000000008000c9c                Default_Handler
                0x0000000008000c9c                EXTI15_10_IRQHandler
                0x0000000008000c9c                ADC_IRQHandler
                0x0000000008000c9c                DMA1_Stream7_IRQHandler
                0x0000000008000c9c                TIM5_IRQHandler
                0x0000000008000c9c                DMA2_Stream7_IRQHandler
                0x0000000008000c9c                I2C3_EV_IRQHandler
                0x0000000008000c9c                EXTI9_5_IRQHandler
                0x0000000008000c9c                RTC_WKUP_IRQHandler
                0x0000000008000c9c                SPI2_IRQHandler
                0x0000000008000c9c                DMA1_Stream0_IRQHandler
                0x0000000008000c9c                EXTI4_IRQHandler
                0x0000000008000c9c                WWDG_IRQHandler
                0x0000000008000c9c                TIM2_IRQHandler
                0x0000000008000c9c                OTG_FS_WKUP_IRQHandler
                0x0000000008000c9c                TIM1_TRG_COM_TIM11_IRQHandler
                0x0000000008000c9c                EXTI1_IRQHandler
                0x0000000008000c9c                USART2_IRQHandler
                0x0000000008000c9c                I2C2_ER_IRQHandler
                0x0000000008000c9c                DMA2_Stream1_IRQHandler
                0x0000000008000c9c                FLASH_IRQHandler
                0x0000000008000c9c                DMA2_Stream4_IRQHandler
                0x0000000008000c9c                USART1_IRQHandler
                0x0000000008000c9c                OTG_FS_IRQHandler
                0x0000000008000c9c                SPI3_IRQHandler
                0x0000000008000c9c                DMA1_Stream4_IRQHandler
                0x0000000008000c9c                I2C1_ER_IRQHandler
                0x0000000008000c9c                DMA2_Stream6_IRQHandler
                0x0000000008000c9c                DMA1_Stream3_IRQHandler
 *fill*         0x0000000008000c9e        0x2 
 .text.ai_log_err
                0x0000000008000ca0       0x40 ./Application/User/X-CUBE-AI/App/app_x-cube-ai.o
 .text.ai_boostrap
                0x0000000008000ce0       0xc8 ./Application/User/X-CUBE-AI/App/app_x-cube-ai.o
 .text.ai_run   0x0000000008000da8       0x54 ./Application/User/X-CUBE-AI/App/app_x-cube-ai.o
 .text.acquire_and_process_data
                0x0000000008000dfc       0x16 ./Application/User/X-CUBE-AI/App/app_x-cube-ai.o
                0x0000000008000dfc                acquire_and_process_data
 .text.post_process
                0x0000000008000e12       0x16 ./Application/User/X-CUBE-AI/App/app_x-cube-ai.o
                0x0000000008000e12                post_process
 .text.MX_X_CUBE_AI_Init
                0x0000000008000e28       0x1c ./Application/User/X-CUBE-AI/App/app_x-cube-ai.o
                0x0000000008000e28                MX_X_CUBE_AI_Init
 .text.MX_X_CUBE_AI_Process
                0x0000000008000e44       0x7c ./Application/User/X-CUBE-AI/App/app_x-cube-ai.o
                0x0000000008000e44                MX_X_CUBE_AI_Process
 .text.network_configure_activations
                0x0000000008000ec0       0xc0 ./Application/User/X-CUBE-AI/App/network.o
 .text.network_configure_weights
                0x0000000008000f80      0x1c0 ./Application/User/X-CUBE-AI/App/network.o
 .text.ai_network_get_error
                0x0000000008001140       0x18 ./Application/User/X-CUBE-AI/App/network.o
                0x0000000008001140                ai_network_get_error
 .text.ai_network_create
                0x0000000008001158       0x2c ./Application/User/X-CUBE-AI/App/network.o
                0x0000000008001158                ai_network_create
 .text.ai_network_create_and_init
                0x0000000008001184       0xe8 ./Application/User/X-CUBE-AI/App/network.o
                0x0000000008001184                ai_network_create_and_init
 .text.ai_network_inputs_get
                0x000000000800126c       0x34 ./Application/User/X-CUBE-AI/App/network.o
                0x000000000800126c                ai_network_inputs_get
 .text.ai_network_outputs_get
                0x00000000080012a0       0x34 ./Application/User/X-CUBE-AI/App/network.o
                0x00000000080012a0                ai_network_outputs_get
 .text.ai_network_init
                0x00000000080012d4       0x78 ./Application/User/X-CUBE-AI/App/network.o
                0x00000000080012d4                ai_network_init
 .text.ai_network_run
                0x000000000800134c       0x20 ./Application/User/X-CUBE-AI/App/network.o
                0x000000000800134c                ai_network_run
 .text.ai_network_data_params_get
                0x000000000800136c       0x50 ./Application/User/X-CUBE-AI/App/network_data.o
                0x000000000800136c                ai_network_data_params_get
 .text.SystemInit
                0x00000000080013bc       0x24 ./Drivers/CMSIS/system_stm32f4xx.o
                0x00000000080013bc                SystemInit
 .text.HAL_Init
                0x00000000080013e0       0x44 ./Drivers/STM32F4xx_HAL_Driver/stm32f4xx_hal.o
                0x00000000080013e0                HAL_Init
 .text.HAL_IncTick
                0x0000000008001424       0x28 ./Drivers/STM32F4xx_HAL_Driver/stm32f4xx_hal.o
                0x0000000008001424                HAL_IncTick
 .text.HAL_GetTick
                0x000000000800144c       0x18 ./Drivers/STM32F4xx_HAL_Driver/stm32f4xx_hal.o
                0x000000000800144c                HAL_GetTick
 .text.__NVIC_SetPriorityGrouping
                0x0000000008001464       0x48 ./Drivers/STM32F4xx_HAL_Driver/stm32f4xx_hal_cortex.o
 .text.__NVIC_GetPriorityGrouping
                0x00000000080014ac       0x1c ./Drivers/STM32F4xx_HAL_Driver/stm32f4xx_hal_cortex.o
 .text.__NVIC_EnableIRQ
                0x00000000080014c8       0x3c ./Drivers/STM32F4xx_HAL_Driver/stm32f4xx_hal_cortex.o
 .text.__NVIC_SetPriority
                0x0000000008001504       0x54 ./Drivers/STM32F4xx_HAL_Driver/stm32f4xx_hal_cortex.o
 .text.NVIC_EncodePriority
                0x0000000008001558       0x66 ./Drivers/STM32F4xx_HAL_Driver/stm32f4xx_hal_cortex.o
 .text.HAL_NVIC_SetPriorityGrouping
                0x00000000080015be       0x16 ./Drivers/STM32F4xx_HAL_Driver/stm32f4xx_hal_cortex.o
                0x00000000080015be                HAL_NVIC_SetPriorityGrouping
 .text.HAL_NVIC_SetPriority
                0x00000000080015d4       0x38 ./Drivers/STM32F4xx_HAL_Driver/stm32f4xx_hal_cortex.o
                0x00000000080015d4                HAL_NVIC_SetPriority
 .text.HAL_NVIC_EnableIRQ
                0x000000000800160c       0x1c ./Drivers/STM32F4xx_HAL_Driver/stm32f4xx_hal_cortex.o
                0x000000000800160c                HAL_NVIC_EnableIRQ
 .text.HAL_CRC_Init
                0x0000000008001628       0x38 ./Drivers/STM32F4xx_HAL_Driver/stm32f4xx_hal_crc.o
                0x0000000008001628                HAL_CRC_Init
 .text.HAL_GPIO_Init
                0x0000000008001660      0x308 ./Drivers/STM32F4xx_HAL_Driver/stm32f4xx_hal_gpio.o
                0x0000000008001660                HAL_GPIO_Init
 .text.HAL_I2C_Init
                0x0000000008001968      0x288 ./Drivers/STM32F4xx_HAL_Driver/stm32f4xx_hal_i2c.o
                0x0000000008001968                HAL_I2C_Init
 .text.HAL_RCC_OscConfig
                0x0000000008001bf0      0x4f0 ./Drivers/STM32F4xx_HAL_Driver/stm32f4xx_hal_rcc.o
                0x0000000008001bf0                HAL_RCC_OscConfig
 .text.HAL_RCC_ClockConfig
                0x00000000080020e0      0x1cc ./Drivers/STM32F4xx_HAL_Driver/stm32f4xx_hal_rcc.o
                0x00000000080020e0                HAL_RCC_ClockConfig
 .text.HAL_RCC_GetSysClockFreq
                0x00000000080022ac      0x18c ./Drivers/STM32F4xx_HAL_Driver/stm32f4xx_hal_rcc.o
                0x00000000080022ac                HAL_RCC_GetSysClockFreq
 .text.HAL_RCC_GetHCLKFreq
                0x0000000008002438       0x18 ./Drivers/STM32F4xx_HAL_Driver/stm32f4xx_hal_rcc.o
                0x0000000008002438                HAL_RCC_GetHCLKFreq
 .text.HAL_RCC_GetPCLK1Freq
                0x0000000008002450       0x28 ./Drivers/STM32F4xx_HAL_Driver/stm32f4xx_hal_rcc.o
                0x0000000008002450                HAL_RCC_GetPCLK1Freq
 .text.HAL_RCC_GetPCLK2Freq
                0x0000000008002478       0x28 ./Drivers/STM32F4xx_HAL_Driver/stm32f4xx_hal_rcc.o
                0x0000000008002478                HAL_RCC_GetPCLK2Freq
 .text.HAL_RCC_GetClockConfig
                0x00000000080024a0       0x64 ./Drivers/STM32F4xx_HAL_Driver/stm32f4xx_hal_rcc.o
                0x00000000080024a0                HAL_RCC_GetClockConfig
 .text.HAL_RCCEx_PeriphCLKConfig
                0x0000000008002504      0x1dc ./Drivers/STM32F4xx_HAL_Driver/stm32f4xx_hal_rcc_ex.o
                0x0000000008002504                HAL_RCCEx_PeriphCLKConfig
 .text.HAL_RTC_Init
                0x00000000080026e0       0xec ./Drivers/STM32F4xx_HAL_Driver/stm32f4xx_hal_rtc.o
                0x00000000080026e0                HAL_RTC_Init
 .text.HAL_RTC_SetTime
                0x00000000080027cc      0x134 ./Drivers/STM32F4xx_HAL_Driver/stm32f4xx_hal_rtc.o
                0x00000000080027cc                HAL_RTC_SetTime
 .text.HAL_RTC_SetDate
                0x0000000008002900      0x108 ./Drivers/STM32F4xx_HAL_Driver/stm32f4xx_hal_rtc.o
                0x0000000008002900                HAL_RTC_SetDate
 .text.HAL_RTC_WaitForSynchro
                0x0000000008002a08       0x50 ./Drivers/STM32F4xx_HAL_Driver/stm32f4xx_hal_rtc.o
                0x0000000008002a08                HAL_RTC_WaitForSynchro
 .text.RTC_EnterInitMode
                0x0000000008002a58       0x6e ./Drivers/STM32F4xx_HAL_Driver/stm32f4xx_hal_rtc.o
                0x0000000008002a58                RTC_EnterInitMode
 .text.RTC_ExitInitMode
                0x0000000008002ac6       0x4a ./Drivers/STM32F4xx_HAL_Driver/stm32f4xx_hal_rtc.o
                0x0000000008002ac6                RTC_ExitInitMode
 .text.RTC_ByteToBcd2
                0x0000000008002b10       0x3a ./Drivers/STM32F4xx_HAL_Driver/stm32f4xx_hal_rtc.o
                0x0000000008002b10                RTC_ByteToBcd2
 .text.HAL_RTCEx_SetCalibrationOutPut
                0x0000000008002b4a       0x84 ./Drivers/STM32F4xx_HAL_Driver/stm32f4xx_hal_rtc_ex.o
                0x0000000008002b4a                HAL_RTCEx_SetCalibrationOutPut
 .text.HAL_TIM_Base_Init
                0x0000000008002bce       0x9e ./Drivers/STM32F4xx_HAL_Driver/stm32f4xx_hal_tim.o
                0x0000000008002bce                HAL_TIM_Base_Init
 .text.HAL_TIM_Base_MspInit
                0x0000000008002c6c       0x14 ./Drivers/STM32F4xx_HAL_Driver/stm32f4xx_hal_tim.o
                0x0000000008002c6c                HAL_TIM_Base_MspInit
 .text.HAL_TIM_Base_Start_IT
                0x0000000008002c80       0xc4 ./Drivers/STM32F4xx_HAL_Driver/stm32f4xx_hal_tim.o
                0x0000000008002c80                HAL_TIM_Base_Start_IT
 .text.HAL_TIM_IRQHandler
                0x0000000008002d44      0x210 ./Drivers/STM32F4xx_HAL_Driver/stm32f4xx_hal_tim.o
                0x0000000008002d44                HAL_TIM_IRQHandler
 .text.HAL_TIM_OC_DelayElapsedCallback
                0x0000000008002f54       0x14 ./Drivers/STM32F4xx_HAL_Driver/stm32f4xx_hal_tim.o
                0x0000000008002f54                HAL_TIM_OC_DelayElapsedCallback
 .text.HAL_TIM_IC_CaptureCallback
                0x0000000008002f68       0x14 ./Drivers/STM32F4xx_HAL_Driver/stm32f4xx_hal_tim.o
                0x0000000008002f68                HAL_TIM_IC_CaptureCallback
 .text.HAL_TIM_PWM_PulseFinishedCallback
                0x0000000008002f7c       0x14 ./Drivers/STM32F4xx_HAL_Driver/stm32f4xx_hal_tim.o
                0x0000000008002f7c                HAL_TIM_PWM_PulseFinishedCallback
 .text.HAL_TIM_TriggerCallback
                0x0000000008002f90       0x14 ./Drivers/STM32F4xx_HAL_Driver/stm32f4xx_hal_tim.o
                0x0000000008002f90                HAL_TIM_TriggerCallback
 .text.TIM_Base_SetConfig
                0x0000000008002fa4      0x100 ./Drivers/STM32F4xx_HAL_Driver/stm32f4xx_hal_tim.o
                0x0000000008002fa4                TIM_Base_SetConfig
 .text.HAL_TIMEx_CommutCallback
                0x00000000080030a4       0x14 ./Drivers/STM32F4xx_HAL_Driver/stm32f4xx_hal_tim_ex.o
                0x00000000080030a4                HAL_TIMEx_CommutCallback
 .text.HAL_TIMEx_BreakCallback
                0x00000000080030b8       0x14 ./Drivers/STM32F4xx_HAL_Driver/stm32f4xx_hal_tim_ex.o
                0x00000000080030b8                HAL_TIMEx_BreakCallback
 .text.ai_buffer_get_size
                0x00000000080030cc       0x68 ../../Middlewares/ST/AI/Lib\NetworkRuntime801_CM4_GCC.a(ai_platform.o)
                0x00000000080030cc                ai_buffer_get_size
 .text.ai_buffer_array_sane
                0x0000000008003134       0x14 ../../Middlewares/ST/AI/Lib\NetworkRuntime801_CM4_GCC.a(ai_platform.o)
                0x0000000008003134                ai_buffer_array_sane
 .text.ai_buffer_array_item_set_address
                0x0000000008003148       0x20 ../../Middlewares/ST/AI/Lib\NetworkRuntime801_CM4_GCC.a(ai_platform.o)
                0x0000000008003148                ai_buffer_array_item_set_address
 .text._ai_platform_acquire_crc
                0x0000000008003168        0x4 ../../Middlewares/ST/AI/Lib\NetworkRuntime801_CM4_GCC.a(ai_platform_interface.o)
                0x0000000008003168                _ai_platform_acquire_crc
 .text._ai_platform_release_crc
                0x000000000800316c        0x4 ../../Middlewares/ST/AI/Lib\NetworkRuntime801_CM4_GCC.a(ai_platform_interface.o)
                0x000000000800316c                _ai_platform_release_crc
 .text.ai_platform_get_weights_map
                0x0000000008003170       0xa8 ../../Middlewares/ST/AI/Lib\NetworkRuntime801_CM4_GCC.a(ai_platform_interface.o)
                0x0000000008003170                ai_platform_get_weights_map
 .text.ai_platform_get_activations_map
                0x0000000008003218       0xa8 ../../Middlewares/ST/AI/Lib\NetworkRuntime801_CM4_GCC.a(ai_platform_interface.o)
                0x0000000008003218                ai_platform_get_activations_map
 .text.ai_platform_bind_network_params
                0x00000000080032c0       0x44 ../../Middlewares/ST/AI/Lib\NetworkRuntime801_CM4_GCC.a(ai_platform_interface.o)
                0x00000000080032c0                ai_platform_bind_network_params
 .text.ai_platform_network_get_error
                0x0000000008003304       0xdc ../../Middlewares/ST/AI/Lib\NetworkRuntime801_CM4_GCC.a(ai_platform_interface.o)
                0x0000000008003304                ai_platform_network_get_error
 .text.ai_platform_network_set_error
                0x00000000080033e0        0xc ../../Middlewares/ST/AI/Lib\NetworkRuntime801_CM4_GCC.a(ai_platform_interface.o)
                0x00000000080033e0                ai_platform_network_set_error
 .text.ai_platform_inputs_get
                0x00000000080033ec      0x1ac ../../Middlewares/ST/AI/Lib\NetworkRuntime801_CM4_GCC.a(ai_platform_interface.o)
                0x00000000080033ec                ai_platform_inputs_get
 .text.ai_platform_outputs_get
                0x0000000008003598      0x1a0 ../../Middlewares/ST/AI/Lib\NetworkRuntime801_CM4_GCC.a(ai_platform_interface.o)
                0x0000000008003598                ai_platform_outputs_get
 .text.ai_platform_network_create
                0x0000000008003738      0x1ac ../../Middlewares/ST/AI/Lib\NetworkRuntime801_CM4_GCC.a(ai_platform_interface.o)
                0x0000000008003738                ai_platform_network_create
 .text.ai_platform_network_init
                0x00000000080038e4      0x1dc ../../Middlewares/ST/AI/Lib\NetworkRuntime801_CM4_GCC.a(ai_platform_interface.o)
                0x00000000080038e4                ai_platform_network_init
 .text.ai_platform_network_post_init
                0x0000000008003ac0      0x110 ../../Middlewares/ST/AI/Lib\NetworkRuntime801_CM4_GCC.a(ai_platform_interface.o)
                0x0000000008003ac0                ai_platform_network_post_init
 .text.ai_platform_network_process
                0x0000000008003bd0      0x50c ../../Middlewares/ST/AI/Lib\NetworkRuntime801_CM4_GCC.a(ai_platform_interface.o)
                0x0000000008003bd0                ai_platform_network_process
 .text.core_init
                0x00000000080040dc        0x4 ../../Middlewares/ST/AI/Lib\NetworkRuntime801_CM4_GCC.a(core_common.o)
                0x00000000080040dc                core_init
 .text.core_get_error
                0x00000000080040e0        0xc ../../Middlewares/ST/AI/Lib\NetworkRuntime801_CM4_GCC.a(core_common.o)
                0x00000000080040e0                core_get_error
 .text.core_set_error
                0x00000000080040ec       0x18 ../../Middlewares/ST/AI/Lib\NetworkRuntime801_CM4_GCC.a(core_common.o)
                0x00000000080040ec                core_set_error
 .text.forward_dense
                0x0000000008004104      0x54c ../../Middlewares/ST/AI/Lib\NetworkRuntime801_CM4_GCC.a(layers_conv2d_generic_float.o)
                0x0000000008004104                forward_dense
 .text.array_f32_identity
                0x0000000008004650       0x14 ../../Middlewares/ST/AI/Lib\NetworkRuntime801_CM4_GCC.a(layers_rnn_generic_float.o)
 .text.forward_lstm
                0x0000000008004664     0x1898 ../../Middlewares/ST/AI/Lib\NetworkRuntime801_CM4_GCC.a(layers_rnn_generic_float.o)
                0x0000000008004664                forward_lstm
 .text.nl_func_sigmoid_array_f32
                0x0000000008005efc       0x50 ../../Middlewares/ST/AI/Lib\NetworkRuntime801_CM4_GCC.a(layers_nl_generic_float.o)
                0x0000000008005efc                nl_func_sigmoid_array_f32
 .text.nl_func_tanh_array_f32
                0x0000000008005f4c       0x38 ../../Middlewares/ST/AI/Lib\NetworkRuntime801_CM4_GCC.a(layers_nl_generic_float.o)
                0x0000000008005f4c                nl_func_tanh_array_f32
 .text.ai_check_custom_types
                0x0000000008005f84       0x54 ../../Middlewares/ST/AI/Lib\NetworkRuntime801_CM4_GCC.a(layers.o)
                0x0000000008005f84                ai_check_custom_types
 .text.ai_layers_init_all
                0x0000000008005fd8       0x1c ../../Middlewares/ST/AI/Lib\NetworkRuntime801_CM4_GCC.a(layers.o)
                0x0000000008005fd8                ai_layers_init_all
 .text.ai_layers_post_init_all
                0x0000000008005ff4       0x28 ../../Middlewares/ST/AI/Lib\NetworkRuntime801_CM4_GCC.a(layers.o)
                0x0000000008005ff4                ai_layers_post_init_all
 .text.ai_layers_forward_all
                0x000000000800601c       0x94 ../../Middlewares/ST/AI/Lib\NetworkRuntime801_CM4_GCC.a(layers.o)
                0x000000000800601c                ai_layers_forward_all
 .text.lite_dense_if32of32wf32
                0x00000000080060b0      0x248 ../../Middlewares/ST/AI/Lib\NetworkRuntime801_CM4_GCC.a(lite_dense_if32.o)
                0x00000000080060b0                lite_dense_if32of32wf32
 .text.ai_version_get
                0x00000000080062f8        0xc ../../Middlewares/ST/AI/Lib\NetworkRuntime801_CM4_GCC.a(ai_datatypes_internal.o)
                0x00000000080062f8                ai_version_get
 .text.get_tensor_byte_size
                0x0000000008006304       0x30 ../../Middlewares/ST/AI/Lib\NetworkRuntime801_CM4_GCC.a(ai_datatypes_internal.o)
                0x0000000008006304                get_tensor_byte_size
 .text.ai_array_to_buffer_fmt
                0x0000000008006334       0xd8 ../../Middlewares/ST/AI/Lib\NetworkRuntime801_CM4_GCC.a(ai_datatypes_format.o)
                0x0000000008006334                ai_array_to_buffer_fmt
 .text.ai_array_get_byte_size
                0x000000000800640c       0x50 ../../Middlewares/ST/AI/Lib\NetworkRuntime801_CM4_GCC.a(ai_datatypes_format.o)
                0x000000000800640c                ai_array_get_byte_size
 .text.ai_array_get_data_byte_size
                0x000000000800645c       0x24 ../../Middlewares/ST/AI/Lib\NetworkRuntime801_CM4_GCC.a(ai_datatypes_format.o)
                0x000000000800645c                ai_array_get_data_byte_size
 .text.__errno  0x0000000008006480        0xc f:/stm32cubeide_1.9.0/stm32cubeide/plugins/com.st.stm32cube.ide.mcu.externaltools.gnu-tools-for-stm32.10.3-2021.10.win32_1.0.0.202111181127/tools/bin/../lib/gcc/arm-none-eabi/10.3.1/../../../../arm-none-eabi/lib/thumb/v7e-m+fp/hard\libc_nano.a(lib_a-errno.o)
                0x0000000008006480                __errno
 .text.__libc_init_array
                0x000000000800648c       0x48 f:/stm32cubeide_1.9.0/stm32cubeide/plugins/com.st.stm32cube.ide.mcu.externaltools.gnu-tools-for-stm32.10.3-2021.10.win32_1.0.0.202111181127/tools/bin/../lib/gcc/arm-none-eabi/10.3.1/../../../../arm-none-eabi/lib/thumb/v7e-m+fp/hard\libc_nano.a(lib_a-init.o)
                0x000000000800648c                __libc_init_array
 .text.memcpy   0x00000000080064d4       0x1c f:/stm32cubeide_1.9.0/stm32cubeide/plugins/com.st.stm32cube.ide.mcu.externaltools.gnu-tools-for-stm32.10.3-2021.10.win32_1.0.0.202111181127/tools/bin/../lib/gcc/arm-none-eabi/10.3.1/../../../../arm-none-eabi/lib/thumb/v7e-m+fp/hard\libc_nano.a(lib_a-memcpy-stub.o)
                0x00000000080064d4                memcpy
 .text.memset   0x00000000080064f0       0x10 f:/stm32cubeide_1.9.0/stm32cubeide/plugins/com.st.stm32cube.ide.mcu.externaltools.gnu-tools-for-stm32.10.3-2021.10.win32_1.0.0.202111181127/tools/bin/../lib/gcc/arm-none-eabi/10.3.1/../../../../arm-none-eabi/lib/thumb/v7e-m+fp/hard\libc_nano.a(lib_a-memset.o)
                0x00000000080064f0                memset
 .text._free_r  0x0000000008006500       0x98 f:/stm32cubeide_1.9.0/stm32cubeide/plugins/com.st.stm32cube.ide.mcu.externaltools.gnu-tools-for-stm32.10.3-2021.10.win32_1.0.0.202111181127/tools/bin/../lib/gcc/arm-none-eabi/10.3.1/../../../../arm-none-eabi/lib/thumb/v7e-m+fp/hard\libc_nano.a(lib_a-nano-freer.o)
                0x0000000008006500                _free_r
 .text.sbrk_aligned
                0x0000000008006598       0x40 f:/stm32cubeide_1.9.0/stm32cubeide/plugins/com.st.stm32cube.ide.mcu.externaltools.gnu-tools-for-stm32.10.3-2021.10.win32_1.0.0.202111181127/tools/bin/../lib/gcc/arm-none-eabi/10.3.1/../../../../arm-none-eabi/lib/thumb/v7e-m+fp/hard\libc_nano.a(lib_a-nano-mallocr.o)
 .text._malloc_r
                0x00000000080065d8       0xe8 f:/stm32cubeide_1.9.0/stm32cubeide/plugins/com.st.stm32cube.ide.mcu.externaltools.gnu-tools-for-stm32.10.3-2021.10.win32_1.0.0.202111181127/tools/bin/../lib/gcc/arm-none-eabi/10.3.1/../../../../arm-none-eabi/lib/thumb/v7e-m+fp/hard\libc_nano.a(lib_a-nano-mallocr.o)
                0x00000000080065d8                _malloc_r
 .text.printf   0x00000000080066c0       0x30 f:/stm32cubeide_1.9.0/stm32cubeide/plugins/com.st.stm32cube.ide.mcu.externaltools.gnu-tools-for-stm32.10.3-2021.10.win32_1.0.0.202111181127/tools/bin/../lib/gcc/arm-none-eabi/10.3.1/../../../../arm-none-eabi/lib/thumb/v7e-m+fp/hard\libc_nano.a(lib_a-printf.o)
                0x00000000080066c0                iprintf
                0x00000000080066c0                printf
 .text._puts_r  0x00000000080066f0       0xdc f:/stm32cubeide_1.9.0/stm32cubeide/plugins/com.st.stm32cube.ide.mcu.externaltools.gnu-tools-for-stm32.10.3-2021.10.win32_1.0.0.202111181127/tools/bin/../lib/gcc/arm-none-eabi/10.3.1/../../../../arm-none-eabi/lib/thumb/v7e-m+fp/hard\libc_nano.a(lib_a-puts.o)
                0x00000000080066f0                _puts_r
 .text.puts     0x00000000080067cc       0x10 f:/stm32cubeide_1.9.0/stm32cubeide/plugins/com.st.stm32cube.ide.mcu.externaltools.gnu-tools-for-stm32.10.3-2021.10.win32_1.0.0.202111181127/tools/bin/../lib/gcc/arm-none-eabi/10.3.1/../../../../arm-none-eabi/lib/thumb/v7e-m+fp/hard\libc_nano.a(lib_a-puts.o)
                0x00000000080067cc                puts
 .text._sbrk_r  0x00000000080067dc       0x20 f:/stm32cubeide_1.9.0/stm32cubeide/plugins/com.st.stm32cube.ide.mcu.externaltools.gnu-tools-for-stm32.10.3-2021.10.win32_1.0.0.202111181127/tools/bin/../lib/gcc/arm-none-eabi/10.3.1/../../../../arm-none-eabi/lib/thumb/v7e-m+fp/hard\libc_nano.a(lib_a-sbrkr.o)
                0x00000000080067dc                _sbrk_r
 .text.__swbuf_r
                0x00000000080067fc       0xa4 f:/stm32cubeide_1.9.0/stm32cubeide/plugins/com.st.stm32cube.ide.mcu.externaltools.gnu-tools-for-stm32.10.3-2021.10.win32_1.0.0.202111181127/tools/bin/../lib/gcc/arm-none-eabi/10.3.1/../../../../arm-none-eabi/lib/thumb/v7e-m+fp/hard\libc_nano.a(lib_a-wbuf.o)
                0x00000000080067fc                __swbuf_r
 .text.__swsetup_r
                0x00000000080068a0       0xdc f:/stm32cubeide_1.9.0/stm32cubeide/plugins/com.st.stm32cube.ide.mcu.externaltools.gnu-tools-for-stm32.10.3-2021.10.win32_1.0.0.202111181127/tools/bin/../lib/gcc/arm-none-eabi/10.3.1/../../../../arm-none-eabi/lib/thumb/v7e-m+fp/hard\libc_nano.a(lib_a-wsetup.o)
                0x00000000080068a0                __swsetup_r
 .text.__sflush_r
                0x000000000800697c      0x10c f:/stm32cubeide_1.9.0/stm32cubeide/plugins/com.st.stm32cube.ide.mcu.externaltools.gnu-tools-for-stm32.10.3-2021.10.win32_1.0.0.202111181127/tools/bin/../lib/gcc/arm-none-eabi/10.3.1/../../../../arm-none-eabi/lib/thumb/v7e-m+fp/hard\libc_nano.a(lib_a-fflush.o)
                0x000000000800697c                __sflush_r
 .text._fflush_r
                0x0000000008006a88       0x78 f:/stm32cubeide_1.9.0/stm32cubeide/plugins/com.st.stm32cube.ide.mcu.externaltools.gnu-tools-for-stm32.10.3-2021.10.win32_1.0.0.202111181127/tools/bin/../lib/gcc/arm-none-eabi/10.3.1/../../../../arm-none-eabi/lib/thumb/v7e-m+fp/hard\libc_nano.a(lib_a-fflush.o)
                0x0000000008006a88                _fflush_r
 .text.std      0x0000000008006b00       0x48 f:/stm32cubeide_1.9.0/stm32cubeide/plugins/com.st.stm32cube.ide.mcu.externaltools.gnu-tools-for-stm32.10.3-2021.10.win32_1.0.0.202111181127/tools/bin/../lib/gcc/arm-none-eabi/10.3.1/../../../../arm-none-eabi/lib/thumb/v7e-m+fp/hard\libc_nano.a(lib_a-findfp.o)
 .text._cleanup_r
                0x0000000008006b48        0xc f:/stm32cubeide_1.9.0/stm32cubeide/plugins/com.st.stm32cube.ide.mcu.externaltools.gnu-tools-for-stm32.10.3-2021.10.win32_1.0.0.202111181127/tools/bin/../lib/gcc/arm-none-eabi/10.3.1/../../../../arm-none-eabi/lib/thumb/v7e-m+fp/hard\libc_nano.a(lib_a-findfp.o)
                0x0000000008006b48                _cleanup_r
 .text.__sfmoreglue
                0x0000000008006b54       0x2c f:/stm32cubeide_1.9.0/stm32cubeide/plugins/com.st.stm32cube.ide.mcu.externaltools.gnu-tools-for-stm32.10.3-2021.10.win32_1.0.0.202111181127/tools/bin/../lib/gcc/arm-none-eabi/10.3.1/../../../../arm-none-eabi/lib/thumb/v7e-m+fp/hard\libc_nano.a(lib_a-findfp.o)
                0x0000000008006b54                __sfmoreglue
 .text.__sfp_lock_acquire
                0x0000000008006b80        0xc f:/stm32cubeide_1.9.0/stm32cubeide/plugins/com.st.stm32cube.ide.mcu.externaltools.gnu-tools-for-stm32.10.3-2021.10.win32_1.0.0.202111181127/tools/bin/../lib/gcc/arm-none-eabi/10.3.1/../../../../arm-none-eabi/lib/thumb/v7e-m+fp/hard\libc_nano.a(lib_a-findfp.o)
                0x0000000008006b80                __sfp_lock_acquire
 .text.__sfp_lock_release
                0x0000000008006b8c        0xc f:/stm32cubeide_1.9.0/stm32cubeide/plugins/com.st.stm32cube.ide.mcu.externaltools.gnu-tools-for-stm32.10.3-2021.10.win32_1.0.0.202111181127/tools/bin/../lib/gcc/arm-none-eabi/10.3.1/../../../../arm-none-eabi/lib/thumb/v7e-m+fp/hard\libc_nano.a(lib_a-findfp.o)
                0x0000000008006b8c                __sfp_lock_release
 .text.__sinit_lock_acquire
                0x0000000008006b98        0xc f:/stm32cubeide_1.9.0/stm32cubeide/plugins/com.st.stm32cube.ide.mcu.externaltools.gnu-tools-for-stm32.10.3-2021.10.win32_1.0.0.202111181127/tools/bin/../lib/gcc/arm-none-eabi/10.3.1/../../../../arm-none-eabi/lib/thumb/v7e-m+fp/hard\libc_nano.a(lib_a-findfp.o)
                0x0000000008006b98                __sinit_lock_acquire
 .text.__sinit_lock_release
                0x0000000008006ba4        0xc f:/stm32cubeide_1.9.0/stm32cubeide/plugins/com.st.stm32cube.ide.mcu.externaltools.gnu-tools-for-stm32.10.3-2021.10.win32_1.0.0.202111181127/tools/bin/../lib/gcc/arm-none-eabi/10.3.1/../../../../arm-none-eabi/lib/thumb/v7e-m+fp/hard\libc_nano.a(lib_a-findfp.o)
                0x0000000008006ba4                __sinit_lock_release
 .text.__sinit  0x0000000008006bb0       0x70 f:/stm32cubeide_1.9.0/stm32cubeide/plugins/com.st.stm32cube.ide.mcu.externaltools.gnu-tools-for-stm32.10.3-2021.10.win32_1.0.0.202111181127/tools/bin/../lib/gcc/arm-none-eabi/10.3.1/../../../../arm-none-eabi/lib/thumb/v7e-m+fp/hard\libc_nano.a(lib_a-findfp.o)
                0x0000000008006bb0                __sinit
 .text.__sfp    0x0000000008006c20       0x8c f:/stm32cubeide_1.9.0/stm32cubeide/plugins/com.st.stm32cube.ide.mcu.externaltools.gnu-tools-for-stm32.10.3-2021.10.win32_1.0.0.202111181127/tools/bin/../lib/gcc/arm-none-eabi/10.3.1/../../../../arm-none-eabi/lib/thumb/v7e-m+fp/hard\libc_nano.a(lib_a-findfp.o)
                0x0000000008006c20                __sfp
 .text._fwalk_reent
                0x0000000008006cac       0x3e f:/stm32cubeide_1.9.0/stm32cubeide/plugins/com.st.stm32cube.ide.mcu.externaltools.gnu-tools-for-stm32.10.3-2021.10.win32_1.0.0.202111181127/tools/bin/../lib/gcc/arm-none-eabi/10.3.1/../../../../arm-none-eabi/lib/thumb/v7e-m+fp/hard\libc_nano.a(lib_a-fwalk.o)
                0x0000000008006cac                _fwalk_reent
 .text.__retarget_lock_init_recursive
                0x0000000008006cea        0x2 f:/stm32cubeide_1.9.0/stm32cubeide/plugins/com.st.stm32cube.ide.mcu.externaltools.gnu-tools-for-stm32.10.3-2021.10.win32_1.0.0.202111181127/tools/bin/../lib/gcc/arm-none-eabi/10.3.1/../../../../arm-none-eabi/lib/thumb/v7e-m+fp/hard\libc_nano.a(lib_a-lock.o)
                0x0000000008006cea                __retarget_lock_init_recursive
 .text.__retarget_lock_acquire_recursive
                0x0000000008006cec        0x2 f:/stm32cubeide_1.9.0/stm32cubeide/plugins/com.st.stm32cube.ide.mcu.externaltools.gnu-tools-for-stm32.10.3-2021.10.win32_1.0.0.202111181127/tools/bin/../lib/gcc/arm-none-eabi/10.3.1/../../../../arm-none-eabi/lib/thumb/v7e-m+fp/hard\libc_nano.a(lib_a-lock.o)
                0x0000000008006cec                __retarget_lock_acquire_recursive
 .text.__retarget_lock_release_recursive
                0x0000000008006cee        0x2 f:/stm32cubeide_1.9.0/stm32cubeide/plugins/com.st.stm32cube.ide.mcu.externaltools.gnu-tools-for-stm32.10.3-2021.10.win32_1.0.0.202111181127/tools/bin/../lib/gcc/arm-none-eabi/10.3.1/../../../../arm-none-eabi/lib/thumb/v7e-m+fp/hard\libc_nano.a(lib_a-lock.o)
                0x0000000008006cee                __retarget_lock_release_recursive
 .text.__swhatbuf_r
                0x0000000008006cf0       0x4a f:/stm32cubeide_1.9.0/stm32cubeide/plugins/com.st.stm32cube.ide.mcu.externaltools.gnu-tools-for-stm32.10.3-2021.10.win32_1.0.0.202111181127/tools/bin/../lib/gcc/arm-none-eabi/10.3.1/../../../../arm-none-eabi/lib/thumb/v7e-m+fp/hard\libc_nano.a(lib_a-makebuf.o)
                0x0000000008006cf0                __swhatbuf_r
 *fill*         0x0000000008006d3a        0x2 
 .text.__smakebuf_r
                0x0000000008006d3c       0x80 f:/stm32cubeide_1.9.0/stm32cubeide/plugins/com.st.stm32cube.ide.mcu.externaltools.gnu-tools-for-stm32.10.3-2021.10.win32_1.0.0.202111181127/tools/bin/../lib/gcc/arm-none-eabi/10.3.1/../../../../arm-none-eabi/lib/thumb/v7e-m+fp/hard\libc_nano.a(lib_a-makebuf.o)
                0x0000000008006d3c                __smakebuf_r
 .text.__malloc_lock
                0x0000000008006dbc        0xc f:/stm32cubeide_1.9.0/stm32cubeide/plugins/com.st.stm32cube.ide.mcu.externaltools.gnu-tools-for-stm32.10.3-2021.10.win32_1.0.0.202111181127/tools/bin/../lib/gcc/arm-none-eabi/10.3.1/../../../../arm-none-eabi/lib/thumb/v7e-m+fp/hard\libc_nano.a(lib_a-mlock.o)
                0x0000000008006dbc                __malloc_lock
 .text.__malloc_unlock
                0x0000000008006dc8        0xc f:/stm32cubeide_1.9.0/stm32cubeide/plugins/com.st.stm32cube.ide.mcu.externaltools.gnu-tools-for-stm32.10.3-2021.10.win32_1.0.0.202111181127/tools/bin/../lib/gcc/arm-none-eabi/10.3.1/../../../../arm-none-eabi/lib/thumb/v7e-m+fp/hard\libc_nano.a(lib_a-mlock.o)
                0x0000000008006dc8                __malloc_unlock
 .text.__sfputc_r
                0x0000000008006dd4       0x2e f:/stm32cubeide_1.9.0/stm32cubeide/plugins/com.st.stm32cube.ide.mcu.externaltools.gnu-tools-for-stm32.10.3-2021.10.win32_1.0.0.202111181127/tools/bin/../lib/gcc/arm-none-eabi/10.3.1/../../../../arm-none-eabi/lib/thumb/v7e-m+fp/hard\libc_nano.a(lib_a-nano-vfprintf.o)
 .text.__sfputs_r
                0x0000000008006e02       0x24 f:/stm32cubeide_1.9.0/stm32cubeide/plugins/com.st.stm32cube.ide.mcu.externaltools.gnu-tools-for-stm32.10.3-2021.10.win32_1.0.0.202111181127/tools/bin/../lib/gcc/arm-none-eabi/10.3.1/../../../../arm-none-eabi/lib/thumb/v7e-m+fp/hard\libc_nano.a(lib_a-nano-vfprintf.o)
                0x0000000008006e02                __sfputs_r
 *fill*         0x0000000008006e26        0x2 
 .text._vfprintf_r
                0x0000000008006e28      0x260 f:/stm32cubeide_1.9.0/stm32cubeide/plugins/com.st.stm32cube.ide.mcu.externaltools.gnu-tools-for-stm32.10.3-2021.10.win32_1.0.0.202111181127/tools/bin/../lib/gcc/arm-none-eabi/10.3.1/../../../../arm-none-eabi/lib/thumb/v7e-m+fp/hard\libc_nano.a(lib_a-nano-vfprintf.o)
                0x0000000008006e28                _vfprintf_r
                0x0000000008006e28                _vfiprintf_r
 .text._printf_common
                0x0000000008007088       0xda f:/stm32cubeide_1.9.0/stm32cubeide/plugins/com.st.stm32cube.ide.mcu.externaltools.gnu-tools-for-stm32.10.3-2021.10.win32_1.0.0.202111181127/tools/bin/../lib/gcc/arm-none-eabi/10.3.1/../../../../arm-none-eabi/lib/thumb/v7e-m+fp/hard\libc_nano.a(lib_a-nano-vfprintf_i.o)
                0x0000000008007088                _printf_common
 *fill*         0x0000000008007162        0x2 
 .text._printf_i
                0x0000000008007164      0x24c f:/stm32cubeide_1.9.0/stm32cubeide/plugins/com.st.stm32cube.ide.mcu.externaltools.gnu-tools-for-stm32.10.3-2021.10.win32_1.0.0.202111181127/tools/bin/../lib/gcc/arm-none-eabi/10.3.1/../../../../arm-none-eabi/lib/thumb/v7e-m+fp/hard\libc_nano.a(lib_a-nano-vfprintf_i.o)
                0x0000000008007164                _printf_i
 .text.__sread  0x00000000080073b0       0x22 f:/stm32cubeide_1.9.0/stm32cubeide/plugins/com.st.stm32cube.ide.mcu.externaltools.gnu-tools-for-stm32.10.3-2021.10.win32_1.0.0.202111181127/tools/bin/../lib/gcc/arm-none-eabi/10.3.1/../../../../arm-none-eabi/lib/thumb/v7e-m+fp/hard\libc_nano.a(lib_a-stdio.o)
                0x00000000080073b0                __sread
 .text.__swrite
                0x00000000080073d2       0x38 f:/stm32cubeide_1.9.0/stm32cubeide/plugins/com.st.stm32cube.ide.mcu.externaltools.gnu-tools-for-stm32.10.3-2021.10.win32_1.0.0.202111181127/tools/bin/../lib/gcc/arm-none-eabi/10.3.1/../../../../arm-none-eabi/lib/thumb/v7e-m+fp/hard\libc_nano.a(lib_a-stdio.o)
                0x00000000080073d2                __swrite
 .text.__sseek  0x000000000800740a       0x24 f:/stm32cubeide_1.9.0/stm32cubeide/plugins/com.st.stm32cube.ide.mcu.externaltools.gnu-tools-for-stm32.10.3-2021.10.win32_1.0.0.202111181127/tools/bin/../lib/gcc/arm-none-eabi/10.3.1/../../../../arm-none-eabi/lib/thumb/v7e-m+fp/hard\libc_nano.a(lib_a-stdio.o)
                0x000000000800740a                __sseek
 .text.__sclose
                0x000000000800742e        0x8 f:/stm32cubeide_1.9.0/stm32cubeide/plugins/com.st.stm32cube.ide.mcu.externaltools.gnu-tools-for-stm32.10.3-2021.10.win32_1.0.0.202111181127/tools/bin/../lib/gcc/arm-none-eabi/10.3.1/../../../../arm-none-eabi/lib/thumb/v7e-m+fp/hard\libc_nano.a(lib_a-stdio.o)
                0x000000000800742e                __sclose
 *fill*         0x0000000008007436        0x2 
 .text._write_r
                0x0000000008007438       0x24 f:/stm32cubeide_1.9.0/stm32cubeide/plugins/com.st.stm32cube.ide.mcu.externaltools.gnu-tools-for-stm32.10.3-2021.10.win32_1.0.0.202111181127/tools/bin/../lib/gcc/arm-none-eabi/10.3.1/../../../../arm-none-eabi/lib/thumb/v7e-m+fp/hard\libc_nano.a(lib_a-writer.o)
                0x0000000008007438                _write_r
 .text._close_r
                0x000000000800745c       0x20 f:/stm32cubeide_1.9.0/stm32cubeide/plugins/com.st.stm32cube.ide.mcu.externaltools.gnu-tools-for-stm32.10.3-2021.10.win32_1.0.0.202111181127/tools/bin/../lib/gcc/arm-none-eabi/10.3.1/../../../../arm-none-eabi/lib/thumb/v7e-m+fp/hard\libc_nano.a(lib_a-closer.o)
                0x000000000800745c                _close_r
 .text._fstat_r
                0x000000000800747c       0x24 f:/stm32cubeide_1.9.0/stm32cubeide/plugins/com.st.stm32cube.ide.mcu.externaltools.gnu-tools-for-stm32.10.3-2021.10.win32_1.0.0.202111181127/tools/bin/../lib/gcc/arm-none-eabi/10.3.1/../../../../arm-none-eabi/lib/thumb/v7e-m+fp/hard\libc_nano.a(lib_a-fstatr.o)
                0x000000000800747c                _fstat_r
 .text._isatty_r
                0x00000000080074a0       0x20 f:/stm32cubeide_1.9.0/stm32cubeide/plugins/com.st.stm32cube.ide.mcu.externaltools.gnu-tools-for-stm32.10.3-2021.10.win32_1.0.0.202111181127/tools/bin/../lib/gcc/arm-none-eabi/10.3.1/../../../../arm-none-eabi/lib/thumb/v7e-m+fp/hard\libc_nano.a(lib_a-isattyr.o)
                0x00000000080074a0                _isatty_r
 .text._lseek_r
                0x00000000080074c0       0x24 f:/stm32cubeide_1.9.0/stm32cubeide/plugins/com.st.stm32cube.ide.mcu.externaltools.gnu-tools-for-stm32.10.3-2021.10.win32_1.0.0.202111181127/tools/bin/../lib/gcc/arm-none-eabi/10.3.1/../../../../arm-none-eabi/lib/thumb/v7e-m+fp/hard\libc_nano.a(lib_a-lseekr.o)
                0x00000000080074c0                _lseek_r
 .text._read_r  0x00000000080074e4       0x24 f:/stm32cubeide_1.9.0/stm32cubeide/plugins/com.st.stm32cube.ide.mcu.externaltools.gnu-tools-for-stm32.10.3-2021.10.win32_1.0.0.202111181127/tools/bin/../lib/gcc/arm-none-eabi/10.3.1/../../../../arm-none-eabi/lib/thumb/v7e-m+fp/hard\libc_nano.a(lib_a-readr.o)
                0x00000000080074e4                _read_r
 .text.fabsf    0x0000000008007508        0xe f:/stm32cubeide_1.9.0/stm32cubeide/plugins/com.st.stm32cube.ide.mcu.externaltools.gnu-tools-for-stm32.10.3-2021.10.win32_1.0.0.202111181127/tools/bin/../lib/gcc/arm-none-eabi/10.3.1/../../../../arm-none-eabi/lib/thumb/v7e-m+fp/hard\libm.a(lib_a-sf_fabs.o)
                0x0000000008007508                fabsf
 *fill*         0x0000000008007516        0x2 
 .text.tanhf    0x0000000008007518       0xa4 f:/stm32cubeide_1.9.0/stm32cubeide/plugins/com.st.stm32cube.ide.mcu.externaltools.gnu-tools-for-stm32.10.3-2021.10.win32_1.0.0.202111181127/tools/bin/../lib/gcc/arm-none-eabi/10.3.1/../../../../arm-none-eabi/lib/thumb/v7e-m+fp/hard\libm.a(lib_a-sf_tanh.o)
                0x0000000008007518                tanhf
 .text.expf     0x00000000080075bc       0x6c f:/stm32cubeide_1.9.0/stm32cubeide/plugins/com.st.stm32cube.ide.mcu.externaltools.gnu-tools-for-stm32.10.3-2021.10.win32_1.0.0.202111181127/tools/bin/../lib/gcc/arm-none-eabi/10.3.1/../../../../arm-none-eabi/lib/thumb/v7e-m+fp/hard\libm.a(lib_a-wf_exp.o)
                0x00000000080075bc                expf
 .text.__ieee754_expf
                0x0000000008007628      0x19c f:/stm32cubeide_1.9.0/stm32cubeide/plugins/com.st.stm32cube.ide.mcu.externaltools.gnu-tools-for-stm32.10.3-2021.10.win32_1.0.0.202111181127/tools/bin/../lib/gcc/arm-none-eabi/10.3.1/../../../../arm-none-eabi/lib/thumb/v7e-m+fp/hard\libm.a(lib_a-ef_exp.o)
                0x0000000008007628                __ieee754_expf
 .text.with_errnof
                0x00000000080077c4       0x16 f:/stm32cubeide_1.9.0/stm32cubeide/plugins/com.st.stm32cube.ide.mcu.externaltools.gnu-tools-for-stm32.10.3-2021.10.win32_1.0.0.202111181127/tools/bin/../lib/gcc/arm-none-eabi/10.3.1/../../../../arm-none-eabi/lib/thumb/v7e-m+fp/hard\libm.a(lib_a-math_errf.o)
 .text.xflowf   0x00000000080077da       0x16 f:/stm32cubeide_1.9.0/stm32cubeide/plugins/com.st.stm32cube.ide.mcu.externaltools.gnu-tools-for-stm32.10.3-2021.10.win32_1.0.0.202111181127/tools/bin/../lib/gcc/arm-none-eabi/10.3.1/../../../../arm-none-eabi/lib/thumb/v7e-m+fp/hard\libm.a(lib_a-math_errf.o)
 .text.__math_uflowf
                0x00000000080077f0        0xc f:/stm32cubeide_1.9.0/stm32cubeide/plugins/com.st.stm32cube.ide.mcu.externaltools.gnu-tools-for-stm32.10.3-2021.10.win32_1.0.0.202111181127/tools/bin/../lib/gcc/arm-none-eabi/10.3.1/../../../../arm-none-eabi/lib/thumb/v7e-m+fp/hard\libm.a(lib_a-math_errf.o)
                0x00000000080077f0                __math_uflowf
 .text.__math_oflowf
                0x00000000080077fc        0xc f:/stm32cubeide_1.9.0/stm32cubeide/plugins/com.st.stm32cube.ide.mcu.externaltools.gnu-tools-for-stm32.10.3-2021.10.win32_1.0.0.202111181127/tools/bin/../lib/gcc/arm-none-eabi/10.3.1/../../../../arm-none-eabi/lib/thumb/v7e-m+fp/hard\libm.a(lib_a-math_errf.o)
                0x00000000080077fc                __math_oflowf
 .text.expm1f   0x0000000008007808      0x238 f:/stm32cubeide_1.9.0/stm32cubeide/plugins/com.st.stm32cube.ide.mcu.externaltools.gnu-tools-for-stm32.10.3-2021.10.win32_1.0.0.202111181127/tools/bin/../lib/gcc/arm-none-eabi/10.3.1/../../../../arm-none-eabi/lib/thumb/v7e-m+fp/hard\libm.a(lib_a-sf_expm1.o)
                0x0000000008007808                expm1f
 .text.finitef  0x0000000008007a40       0x1a f:/stm32cubeide_1.9.0/stm32cubeide/plugins/com.st.stm32cube.ide.mcu.externaltools.gnu-tools-for-stm32.10.3-2021.10.win32_1.0.0.202111181127/tools/bin/../lib/gcc/arm-none-eabi/10.3.1/../../../../arm-none-eabi/lib/thumb/v7e-m+fp/hard\libm.a(lib_a-sf_finite.o)
                0x0000000008007a40                finitef
 *(.glue_7)
 .glue_7        0x0000000008007a5a        0x0 linker stubs
 *(.glue_7t)
 .glue_7t       0x0000000008007a5a        0x0 linker stubs
 *(.eh_frame)
 *fill*         0x0000000008007a5a        0x2 
 .eh_frame      0x0000000008007a5c        0x0 f:/stm32cubeide_1.9.0/stm32cubeide/plugins/com.st.stm32cube.ide.mcu.externaltools.gnu-tools-for-stm32.10.3-2021.10.win32_1.0.0.202111181127/tools/bin/../lib/gcc/arm-none-eabi/10.3.1/thumb/v7e-m+fp/hard/crtbegin.o
 *(.init)
 .init          0x0000000008007a5c        0x4 f:/stm32cubeide_1.9.0/stm32cubeide/plugins/com.st.stm32cube.ide.mcu.externaltools.gnu-tools-for-stm32.10.3-2021.10.win32_1.0.0.202111181127/tools/bin/../lib/gcc/arm-none-eabi/10.3.1/thumb/v7e-m+fp/hard/crti.o
                0x0000000008007a5c                _init
 .init          0x0000000008007a60        0x8 f:/stm32cubeide_1.9.0/stm32cubeide/plugins/com.st.stm32cube.ide.mcu.externaltools.gnu-tools-for-stm32.10.3-2021.10.win32_1.0.0.202111181127/tools/bin/../lib/gcc/arm-none-eabi/10.3.1/thumb/v7e-m+fp/hard/crtn.o
 *(.fini)
 .fini          0x0000000008007a68        0x4 f:/stm32cubeide_1.9.0/stm32cubeide/plugins/com.st.stm32cube.ide.mcu.externaltools.gnu-tools-for-stm32.10.3-2021.10.win32_1.0.0.202111181127/tools/bin/../lib/gcc/arm-none-eabi/10.3.1/thumb/v7e-m+fp/hard/crti.o
                0x0000000008007a68                _fini
 .fini          0x0000000008007a6c        0x8 f:/stm32cubeide_1.9.0/stm32cubeide/plugins/com.st.stm32cube.ide.mcu.externaltools.gnu-tools-for-stm32.10.3-2021.10.win32_1.0.0.202111181127/tools/bin/../lib/gcc/arm-none-eabi/10.3.1/thumb/v7e-m+fp/hard/crtn.o
                0x0000000008007a74                . = ALIGN (0x4)
                0x0000000008007a74                _etext = .

.vfp11_veneer   0x0000000008007a74        0x0
 .vfp11_veneer  0x0000000008007a74        0x0 linker stubs

.v4_bx          0x0000000008007a74        0x0
 .v4_bx         0x0000000008007a74        0x0 linker stubs

.iplt           0x0000000008007a74        0x0
 .iplt          0x0000000008007a74        0x0 f:/stm32cubeide_1.9.0/stm32cubeide/plugins/com.st.stm32cube.ide.mcu.externaltools.gnu-tools-for-stm32.10.3-2021.10.win32_1.0.0.202111181127/tools/bin/../lib/gcc/arm-none-eabi/10.3.1/thumb/v7e-m+fp/hard/crtbegin.o

.rodata         0x0000000008007a80      0xe88
                0x0000000008007a80                . = ALIGN (0x4)
 *(.rodata)
 .rodata        0x0000000008007a80       0xdf ./Application/User/X-CUBE-AI/App/app_x-cube-ai.o
 *fill*         0x0000000008007b5f        0x1 
 .rodata        0x0000000008007b60       0x30 ./Application/User/X-CUBE-AI/App/network_data.o
 *(.rodata*)
 .rodata.dense_4_dense_chain
                0x0000000008007b90        0x8 ./Application/User/X-CUBE-AI/App/network.o
 .rodata.rnn_3_chain
                0x0000000008007b98        0x8 ./Application/User/X-CUBE-AI/App/network.o
 .rodata.rnn_2_chain
                0x0000000008007ba0        0x8 ./Application/User/X-CUBE-AI/App/network.o
 *fill*         0x0000000008007ba8       0x18 
 .rodata.s_network_weights_array_u64
                0x0000000008007bc0      0xc80 ./Application/User/X-CUBE-AI/App/network_data_params.o
                0x0000000008007bc0                s_network_weights_array_u64
 .rodata.AHBPrescTable
                0x0000000008008840       0x10 ./Drivers/CMSIS/system_stm32f4xx.o
                0x0000000008008840                AHBPrescTable
 .rodata.APBPrescTable
                0x0000000008008850        0x8 ./Drivers/CMSIS/system_stm32f4xx.o
                0x0000000008008850                APBPrescTable
 .rodata._global_impure_ptr
                0x0000000008008858        0x4 f:/stm32cubeide_1.9.0/stm32cubeide/plugins/com.st.stm32cube.ide.mcu.externaltools.gnu-tools-for-stm32.10.3-2021.10.win32_1.0.0.202111181127/tools/bin/../lib/gcc/arm-none-eabi/10.3.1/../../../../arm-none-eabi/lib/thumb/v7e-m+fp/hard\libc_nano.a(lib_a-impure.o)
                0x0000000008008858                _global_impure_ptr
 .rodata.__sf_fake_stderr
                0x000000000800885c       0x20 f:/stm32cubeide_1.9.0/stm32cubeide/plugins/com.st.stm32cube.ide.mcu.externaltools.gnu-tools-for-stm32.10.3-2021.10.win32_1.0.0.202111181127/tools/bin/../lib/gcc/arm-none-eabi/10.3.1/../../../../arm-none-eabi/lib/thumb/v7e-m+fp/hard\libc_nano.a(lib_a-findfp.o)
                0x000000000800885c                __sf_fake_stderr
 .rodata.__sf_fake_stdin
                0x000000000800887c       0x20 f:/stm32cubeide_1.9.0/stm32cubeide/plugins/com.st.stm32cube.ide.mcu.externaltools.gnu-tools-for-stm32.10.3-2021.10.win32_1.0.0.202111181127/tools/bin/../lib/gcc/arm-none-eabi/10.3.1/../../../../arm-none-eabi/lib/thumb/v7e-m+fp/hard\libc_nano.a(lib_a-findfp.o)
                0x000000000800887c                __sf_fake_stdin
 .rodata.__sf_fake_stdout
                0x000000000800889c       0x20 f:/stm32cubeide_1.9.0/stm32cubeide/plugins/com.st.stm32cube.ide.mcu.externaltools.gnu-tools-for-stm32.10.3-2021.10.win32_1.0.0.202111181127/tools/bin/../lib/gcc/arm-none-eabi/10.3.1/../../../../arm-none-eabi/lib/thumb/v7e-m+fp/hard\libc_nano.a(lib_a-findfp.o)
                0x000000000800889c                __sf_fake_stdout
 .rodata._vfprintf_r.str1.1
                0x00000000080088bc       0x11 f:/stm32cubeide_1.9.0/stm32cubeide/plugins/com.st.stm32cube.ide.mcu.externaltools.gnu-tools-for-stm32.10.3-2021.10.win32_1.0.0.202111181127/tools/bin/../lib/gcc/arm-none-eabi/10.3.1/../../../../arm-none-eabi/lib/thumb/v7e-m+fp/hard\libc_nano.a(lib_a-nano-vfprintf.o)
 .rodata._printf_i.str1.1
                0x00000000080088cd       0x22 f:/stm32cubeide_1.9.0/stm32cubeide/plugins/com.st.stm32cube.ide.mcu.externaltools.gnu-tools-for-stm32.10.3-2021.10.win32_1.0.0.202111181127/tools/bin/../lib/gcc/arm-none-eabi/10.3.1/../../../../arm-none-eabi/lib/thumb/v7e-m+fp/hard\libc_nano.a(lib_a-nano-vfprintf_i.o)
 *fill*         0x00000000080088ef        0x1 
 .rodata.halF   0x00000000080088f0        0x8 f:/stm32cubeide_1.9.0/stm32cubeide/plugins/com.st.stm32cube.ide.mcu.externaltools.gnu-tools-for-stm32.10.3-2021.10.win32_1.0.0.202111181127/tools/bin/../lib/gcc/arm-none-eabi/10.3.1/../../../../arm-none-eabi/lib/thumb/v7e-m+fp/hard\libm.a(lib_a-ef_exp.o)
 .rodata.ln2HI  0x00000000080088f8        0x8 f:/stm32cubeide_1.9.0/stm32cubeide/plugins/com.st.stm32cube.ide.mcu.externaltools.gnu-tools-for-stm32.10.3-2021.10.win32_1.0.0.202111181127/tools/bin/../lib/gcc/arm-none-eabi/10.3.1/../../../../arm-none-eabi/lib/thumb/v7e-m+fp/hard\libm.a(lib_a-ef_exp.o)
 .rodata.ln2LO  0x0000000008008900        0x8 f:/stm32cubeide_1.9.0/stm32cubeide/plugins/com.st.stm32cube.ide.mcu.externaltools.gnu-tools-for-stm32.10.3-2021.10.win32_1.0.0.202111181127/tools/bin/../lib/gcc/arm-none-eabi/10.3.1/../../../../arm-none-eabi/lib/thumb/v7e-m+fp/hard\libm.a(lib_a-ef_exp.o)
                0x0000000008008908                . = ALIGN (0x4)

.ARM.extab      0x0000000008008908        0x0
                0x0000000008008908                . = ALIGN (0x4)
 *(.ARM.extab* .gnu.linkonce.armextab.*)
                0x0000000008008908                . = ALIGN (0x4)

.ARM            0x0000000008008908        0x8
                0x0000000008008908                . = ALIGN (0x4)
                0x0000000008008908                __exidx_start = .
 *(.ARM.exidx*)
 .ARM.exidx     0x0000000008008908        0x8 f:/stm32cubeide_1.9.0/stm32cubeide/plugins/com.st.stm32cube.ide.mcu.externaltools.gnu-tools-for-stm32.10.3-2021.10.win32_1.0.0.202111181127/tools/bin/../lib/gcc/arm-none-eabi/10.3.1/thumb/v7e-m+fp/hard\libgcc.a(_udivmoddi4.o)
                0x0000000008008910                __exidx_end = .
                0x0000000008008910                . = ALIGN (0x4)

.rel.dyn        0x0000000008008910        0x0
 .rel.iplt      0x0000000008008910        0x0 f:/stm32cubeide_1.9.0/stm32cubeide/plugins/com.st.stm32cube.ide.mcu.externaltools.gnu-tools-for-stm32.10.3-2021.10.win32_1.0.0.202111181127/tools/bin/../lib/gcc/arm-none-eabi/10.3.1/thumb/v7e-m+fp/hard/crtbegin.o

.preinit_array  0x0000000008008910        0x0
                0x0000000008008910                . = ALIGN (0x4)
                0x0000000008008910                PROVIDE (__preinit_array_start = .)
 *(.preinit_array*)
                0x0000000008008910                PROVIDE (__preinit_array_end = .)
                0x0000000008008910                . = ALIGN (0x4)

.init_array     0x0000000008008910        0x4
                0x0000000008008910                . = ALIGN (0x4)
                0x0000000008008910                PROVIDE (__init_array_start = .)
 *(SORT_BY_NAME(.init_array.*))
 *(.init_array*)
 .init_array    0x0000000008008910        0x4 f:/stm32cubeide_1.9.0/stm32cubeide/plugins/com.st.stm32cube.ide.mcu.externaltools.gnu-tools-for-stm32.10.3-2021.10.win32_1.0.0.202111181127/tools/bin/../lib/gcc/arm-none-eabi/10.3.1/thumb/v7e-m+fp/hard/crtbegin.o
                0x0000000008008914                PROVIDE (__init_array_end = .)
                0x0000000008008914                . = ALIGN (0x4)

.fini_array     0x0000000008008914        0x4
                0x0000000008008914                . = ALIGN (0x4)
                [!provide]                        PROVIDE (__fini_array_start = .)
 *(SORT_BY_NAME(.fini_array.*))
 *(.fini_array*)
 .fini_array    0x0000000008008914        0x4 f:/stm32cubeide_1.9.0/stm32cubeide/plugins/com.st.stm32cube.ide.mcu.externaltools.gnu-tools-for-stm32.10.3-2021.10.win32_1.0.0.202111181127/tools/bin/../lib/gcc/arm-none-eabi/10.3.1/thumb/v7e-m+fp/hard/crtbegin.o
                [!provide]                        PROVIDE (__fini_array_end = .)
                0x0000000008008918                . = ALIGN (0x4)
                0x0000000008008918                _sidata = LOADADDR (.data)

.data           0x0000000020000000      0x80c load address 0x0000000008008918
                0x0000000020000000                . = ALIGN (0x4)
                0x0000000020000000                _sdata = .
 *(.data)
 *(.data*)
 .data.data_activations0
                0x0000000020000000        0x4 ./Application/User/X-CUBE-AI/App/app_x-cube-ai.o
                0x0000000020000000                data_activations0
 .data.rnn_3_kernel_array
                0x0000000020000004       0x10 ./Application/User/X-CUBE-AI/App/network.o
 .data.input_0_output_array
                0x0000000020000014       0x10 ./Application/User/X-CUBE-AI/App/network.o
 .data.rnn_3_recurrent_array
                0x0000000020000024       0x10 ./Application/User/X-CUBE-AI/App/network.o
 .data.rnn_2_output0_array
                0x0000000020000034       0x10 ./Application/User/X-CUBE-AI/App/network.o
 .data.rnn_3_output0_array
                0x0000000020000044       0x10 ./Application/User/X-CUBE-AI/App/network.o
 .data.rnn_3_peephole_array
                0x0000000020000054       0x10 ./Application/User/X-CUBE-AI/App/network.o
 .data.dense_4_dense_output_array
                0x0000000020000064       0x10 ./Application/User/X-CUBE-AI/App/network.o
 .data.rnn_3_bias_array
                0x0000000020000074       0x10 ./Application/User/X-CUBE-AI/App/network.o
 .data.rnn_2_kernel_array
                0x0000000020000084       0x10 ./Application/User/X-CUBE-AI/App/network.o
 .data.dense_4_dense_weights_array
                0x0000000020000094       0x10 ./Application/User/X-CUBE-AI/App/network.o
 .data.rnn_2_recurrent_array
                0x00000000200000a4       0x10 ./Application/User/X-CUBE-AI/App/network.o
 .data.dense_4_dense_bias_array
                0x00000000200000b4       0x10 ./Application/User/X-CUBE-AI/App/network.o
 .data.rnn_2_peephole_array
                0x00000000200000c4       0x10 ./Application/User/X-CUBE-AI/App/network.o
 .data.rnn_2_scratch0_array
                0x00000000200000d4       0x10 ./Application/User/X-CUBE-AI/App/network.o
 .data.rnn_2_bias_array
                0x00000000200000e4       0x10 ./Application/User/X-CUBE-AI/App/network.o
 .data.rnn_3_scratch0_array
                0x00000000200000f4       0x10 ./Application/User/X-CUBE-AI/App/network.o
 .data.__compound_literal.0
                0x0000000020000104       0x10 ./Application/User/X-CUBE-AI/App/network.o
 .data.__compound_literal.1
                0x0000000020000114       0x10 ./Application/User/X-CUBE-AI/App/network.o
 .data.rnn_3_kernel
                0x0000000020000124       0x1c ./Application/User/X-CUBE-AI/App/network.o
 .data.__compound_literal.2
                0x0000000020000140       0x10 ./Application/User/X-CUBE-AI/App/network.o
 .data.__compound_literal.3
                0x0000000020000150       0x10 ./Application/User/X-CUBE-AI/App/network.o
 .data.input_0_output
                0x0000000020000160       0x1c ./Application/User/X-CUBE-AI/App/network.o
 .data.__compound_literal.4
                0x000000002000017c       0x10 ./Application/User/X-CUBE-AI/App/network.o
 .data.__compound_literal.5
                0x000000002000018c       0x10 ./Application/User/X-CUBE-AI/App/network.o
 .data.rnn_3_recurrent
                0x000000002000019c       0x1c ./Application/User/X-CUBE-AI/App/network.o
 .data.__compound_literal.6
                0x00000000200001b8       0x10 ./Application/User/X-CUBE-AI/App/network.o
 .data.__compound_literal.7
                0x00000000200001c8       0x10 ./Application/User/X-CUBE-AI/App/network.o
 .data.rnn_2_output0
                0x00000000200001d8       0x1c ./Application/User/X-CUBE-AI/App/network.o
 .data.__compound_literal.8
                0x00000000200001f4       0x10 ./Application/User/X-CUBE-AI/App/network.o
 .data.__compound_literal.9
                0x0000000020000204       0x10 ./Application/User/X-CUBE-AI/App/network.o
 .data.rnn_3_output0
                0x0000000020000214       0x1c ./Application/User/X-CUBE-AI/App/network.o
 .data.__compound_literal.10
                0x0000000020000230       0x10 ./Application/User/X-CUBE-AI/App/network.o
 .data.__compound_literal.11
                0x0000000020000240       0x10 ./Application/User/X-CUBE-AI/App/network.o
 .data.rnn_3_peephole
                0x0000000020000250       0x1c ./Application/User/X-CUBE-AI/App/network.o
 .data.__compound_literal.12
                0x000000002000026c       0x10 ./Application/User/X-CUBE-AI/App/network.o
 .data.__compound_literal.13
                0x000000002000027c       0x10 ./Application/User/X-CUBE-AI/App/network.o
 .data.dense_4_dense_output
                0x000000002000028c       0x1c ./Application/User/X-CUBE-AI/App/network.o
 .data.__compound_literal.14
                0x00000000200002a8       0x10 ./Application/User/X-CUBE-AI/App/network.o
 .data.__compound_literal.15
                0x00000000200002b8       0x10 ./Application/User/X-CUBE-AI/App/network.o
 .data.rnn_3_bias
                0x00000000200002c8       0x1c ./Application/User/X-CUBE-AI/App/network.o
 .data.__compound_literal.16
                0x00000000200002e4       0x10 ./Application/User/X-CUBE-AI/App/network.o
 .data.__compound_literal.17
                0x00000000200002f4       0x10 ./Application/User/X-CUBE-AI/App/network.o
 .data.rnn_2_kernel
                0x0000000020000304       0x1c ./Application/User/X-CUBE-AI/App/network.o
 .data.__compound_literal.18
                0x0000000020000320       0x10 ./Application/User/X-CUBE-AI/App/network.o
 .data.__compound_literal.19
                0x0000000020000330       0x10 ./Application/User/X-CUBE-AI/App/network.o
 .data.dense_4_dense_weights
                0x0000000020000340       0x1c ./Application/User/X-CUBE-AI/App/network.o
 .data.__compound_literal.20
                0x000000002000035c       0x10 ./Application/User/X-CUBE-AI/App/network.o
 .data.__compound_literal.21
                0x000000002000036c       0x10 ./Application/User/X-CUBE-AI/App/network.o
 .data.rnn_2_recurrent
                0x000000002000037c       0x1c ./Application/User/X-CUBE-AI/App/network.o
 .data.__compound_literal.22
                0x0000000020000398       0x10 ./Application/User/X-CUBE-AI/App/network.o
 .data.__compound_literal.23
                0x00000000200003a8       0x10 ./Application/User/X-CUBE-AI/App/network.o
 .data.dense_4_dense_bias
                0x00000000200003b8       0x1c ./Application/User/X-CUBE-AI/App/network.o
 .data.__compound_literal.24
                0x00000000200003d4       0x10 ./Application/User/X-CUBE-AI/App/network.o
 .data.__compound_literal.25
                0x00000000200003e4       0x10 ./Application/User/X-CUBE-AI/App/network.o
 .data.rnn_2_peephole
                0x00000000200003f4       0x1c ./Application/User/X-CUBE-AI/App/network.o
 .data.__compound_literal.26
                0x0000000020000410       0x10 ./Application/User/X-CUBE-AI/App/network.o
 .data.__compound_literal.27
                0x0000000020000420       0x10 ./Application/User/X-CUBE-AI/App/network.o
 .data.rnn_2_scratch0
                0x0000000020000430       0x1c ./Application/User/X-CUBE-AI/App/network.o
 .data.__compound_literal.28
                0x000000002000044c       0x10 ./Application/User/X-CUBE-AI/App/network.o
 .data.__compound_literal.29
                0x000000002000045c       0x10 ./Application/User/X-CUBE-AI/App/network.o
 .data.rnn_2_bias
                0x000000002000046c       0x1c ./Application/User/X-CUBE-AI/App/network.o
 .data.__compound_literal.30
                0x0000000020000488       0x10 ./Application/User/X-CUBE-AI/App/network.o
 .data.__compound_literal.31
                0x0000000020000498       0x10 ./Application/User/X-CUBE-AI/App/network.o
 .data.rnn_3_scratch0
                0x00000000200004a8       0x1c ./Application/User/X-CUBE-AI/App/network.o
 .data.__compound_literal.32
                0x00000000200004c4        0x4 ./Application/User/X-CUBE-AI/App/network.o
 .data.__compound_literal.33
                0x00000000200004c8        0x4 ./Application/User/X-CUBE-AI/App/network.o
 .data.__compound_literal.34
                0x00000000200004cc        0x8 ./Application/User/X-CUBE-AI/App/network.o
 .data.__compound_literal.36
                0x00000000200004d4       0x30 ./Application/User/X-CUBE-AI/App/network.o
 .data.dense_4_dense_layer
                0x0000000020000504       0x1c ./Application/User/X-CUBE-AI/App/network.o
 .data.__compound_literal.37
                0x0000000020000520        0x4 ./Application/User/X-CUBE-AI/App/network.o
 .data.__compound_literal.38
                0x0000000020000524        0x4 ./Application/User/X-CUBE-AI/App/network.o
 .data.__compound_literal.39
                0x0000000020000528       0x24 ./Application/User/X-CUBE-AI/App/network.o
 .data.__compound_literal.40
                0x000000002000054c        0x4 ./Application/User/X-CUBE-AI/App/network.o
 .data.__compound_literal.41
                0x0000000020000550       0x30 ./Application/User/X-CUBE-AI/App/network.o
 .data.rnn_3_layer
                0x0000000020000580       0x44 ./Application/User/X-CUBE-AI/App/network.o
 .data.__compound_literal.42
                0x00000000200005c4        0x4 ./Application/User/X-CUBE-AI/App/network.o
 .data.__compound_literal.43
                0x00000000200005c8        0x4 ./Application/User/X-CUBE-AI/App/network.o
 .data.__compound_literal.44
                0x00000000200005cc       0x24 ./Application/User/X-CUBE-AI/App/network.o
 .data.__compound_literal.45
                0x00000000200005f0        0x4 ./Application/User/X-CUBE-AI/App/network.o
 .data.__compound_literal.46
                0x00000000200005f4       0x30 ./Application/User/X-CUBE-AI/App/network.o
 .data.rnn_2_layer
                0x0000000020000624       0x44 ./Application/User/X-CUBE-AI/App/network.o
 .data.__compound_literal.47
                0x0000000020000668       0x10 ./Application/User/X-CUBE-AI/App/network.o
 .data.__compound_literal.48
                0x0000000020000678       0x1c ./Application/User/X-CUBE-AI/App/network.o
 .data.__compound_literal.49
                0x0000000020000694       0x10 ./Application/User/X-CUBE-AI/App/network.o
 .data.__compound_literal.50
                0x00000000200006a4       0x1c ./Application/User/X-CUBE-AI/App/network.o
 .data.__compound_literal.51
                0x00000000200006c0        0x4 ./Application/User/X-CUBE-AI/App/network.o
 .data.__compound_literal.55
                0x00000000200006c4        0xc ./Application/User/X-CUBE-AI/App/network.o
 .data.__compound_literal.56
                0x00000000200006d0        0x4 ./Application/User/X-CUBE-AI/App/network.o
 .data.__compound_literal.60
                0x00000000200006d4        0xc ./Application/User/X-CUBE-AI/App/network.o
 .data.__compound_literal.61
                0x00000000200006e0       0x18 ./Application/User/X-CUBE-AI/App/network.o
 .data.g_network
                0x00000000200006f8       0x4c ./Application/User/X-CUBE-AI/App/network.o
 .data.__compound_literal.0
                0x0000000020000744       0x10 ./Application/User/X-CUBE-AI/App/network_data.o
 .data.g_network_data_map_activations
                0x0000000020000754       0x1c ./Application/User/X-CUBE-AI/App/network_data.o
                0x0000000020000754                g_network_data_map_activations
 .data.__compound_literal.1
                0x0000000020000770       0x10 ./Application/User/X-CUBE-AI/App/network_data.o
 .data.g_network_data_map_weights
                0x0000000020000780       0x1c ./Application/User/X-CUBE-AI/App/network_data.o
                0x0000000020000780                g_network_data_map_weights
 .data.SystemCoreClock
                0x000000002000079c        0x4 ./Drivers/CMSIS/system_stm32f4xx.o
                0x000000002000079c                SystemCoreClock
 .data.uwTickPrio
                0x00000000200007a0        0x4 ./Drivers/STM32F4xx_HAL_Driver/stm32f4xx_hal.o
                0x00000000200007a0                uwTickPrio
 .data.uwTickFreq
                0x00000000200007a4        0x1 ./Drivers/STM32F4xx_HAL_Driver/stm32f4xx_hal.o
                0x00000000200007a4                uwTickFreq
 *fill*         0x00000000200007a5        0x3 
 .data._impure_ptr
                0x00000000200007a8        0x4 f:/stm32cubeide_1.9.0/stm32cubeide/plugins/com.st.stm32cube.ide.mcu.externaltools.gnu-tools-for-stm32.10.3-2021.10.win32_1.0.0.202111181127/tools/bin/../lib/gcc/arm-none-eabi/10.3.1/../../../../arm-none-eabi/lib/thumb/v7e-m+fp/hard\libc_nano.a(lib_a-impure.o)
                0x00000000200007a8                _impure_ptr
 .data.impure_data
                0x00000000200007ac       0x60 f:/stm32cubeide_1.9.0/stm32cubeide/plugins/com.st.stm32cube.ide.mcu.externaltools.gnu-tools-for-stm32.10.3-2021.10.win32_1.0.0.202111181127/tools/bin/../lib/gcc/arm-none-eabi/10.3.1/../../../../arm-none-eabi/lib/thumb/v7e-m+fp/hard\libc_nano.a(lib_a-impure.o)
 *(.RamFunc)
 *(.RamFunc*)
                0x000000002000080c                . = ALIGN (0x4)
                0x000000002000080c                _edata = .

.igot.plt       0x000000002000080c        0x0 load address 0x0000000008009124
 .igot.plt      0x000000002000080c        0x0 f:/stm32cubeide_1.9.0/stm32cubeide/plugins/com.st.stm32cube.ide.mcu.externaltools.gnu-tools-for-stm32.10.3-2021.10.win32_1.0.0.202111181127/tools/bin/../lib/gcc/arm-none-eabi/10.3.1/thumb/v7e-m+fp/hard/crtbegin.o
                0x000000002000080c                . = ALIGN (0x4)

.bss            0x0000000020000820      0x350 load address 0x0000000008009124
                0x0000000020000820                _sbss = .
                0x0000000020000820                __bss_start__ = _sbss
 *(.bss)
 .bss           0x0000000020000820       0x1c f:/stm32cubeide_1.9.0/stm32cubeide/plugins/com.st.stm32cube.ide.mcu.externaltools.gnu-tools-for-stm32.10.3-2021.10.win32_1.0.0.202111181127/tools/bin/../lib/gcc/arm-none-eabi/10.3.1/thumb/v7e-m+fp/hard/crtbegin.o
 *(.bss*)
 .bss.hcrc      0x000000002000083c        0x8 ./Application/User/Core/crc.o
                0x000000002000083c                hcrc
 .bss.hi2c1     0x0000000020000844       0x54 ./Application/User/Core/i2c.o
                0x0000000020000844                hi2c1
 .bss.hrtc      0x0000000020000898       0x20 ./Application/User/Core/rtc.o
                0x0000000020000898                hrtc
 .bss.htim1     0x00000000200008b8       0x48 ./Application/User/Core/stm32f4xx_hal_timebase_tim.o
                0x00000000200008b8                htim1
 .bss.__sbrk_heap_end
                0x0000000020000900        0x4 ./Application/User/Core/sysmem.o
 .bss.data_ins  0x0000000020000904        0x4 ./Application/User/X-CUBE-AI/App/app_x-cube-ai.o
                0x0000000020000904                data_ins
 .bss.data_outs
                0x0000000020000908        0x4 ./Application/User/X-CUBE-AI/App/app_x-cube-ai.o
                0x0000000020000908                data_outs
 *fill*         0x000000002000090c       0x14 
 .bss.pool0     0x0000000020000920      0x1bc ./Application/User/X-CUBE-AI/App/app_x-cube-ai.o
 .bss.network   0x0000000020000adc        0x4 ./Application/User/X-CUBE-AI/App/app_x-cube-ai.o
 .bss.ai_input  0x0000000020000ae0        0x4 ./Application/User/X-CUBE-AI/App/app_x-cube-ai.o
 .bss.ai_output
                0x0000000020000ae4        0x4 ./Application/User/X-CUBE-AI/App/app_x-cube-ai.o
 .bss.g_network_activations_map
                0x0000000020000ae8        0x4 ./Application/User/X-CUBE-AI/App/network.o
 .bss.g_network_weights_map
                0x0000000020000aec        0x4 ./Application/User/X-CUBE-AI/App/network.o
 .bss.__compound_literal.35
                0x0000000020000af0        0x4 ./Application/User/X-CUBE-AI/App/network.o
 .bss.__compound_literal.52
                0x0000000020000af4       0x1c ./Application/User/X-CUBE-AI/App/network.o
 .bss.__compound_literal.53
                0x0000000020000b10       0x10 ./Application/User/X-CUBE-AI/App/network.o
 .bss.__compound_literal.54
                0x0000000020000b20        0x8 ./Application/User/X-CUBE-AI/App/network.o
 .bss.__compound_literal.57
                0x0000000020000b28       0x1c ./Application/User/X-CUBE-AI/App/network.o
 .bss.__compound_literal.58
                0x0000000020000b44       0x10 ./Application/User/X-CUBE-AI/App/network.o
 .bss.__compound_literal.59
                0x0000000020000b54        0x8 ./Application/User/X-CUBE-AI/App/network.o
 .bss.uwTick    0x0000000020000b5c        0x4 ./Drivers/STM32F4xx_HAL_Driver/stm32f4xx_hal.o
                0x0000000020000b5c                uwTick
 .bss.__malloc_free_list
                0x0000000020000b60        0x4 f:/stm32cubeide_1.9.0/stm32cubeide/plugins/com.st.stm32cube.ide.mcu.externaltools.gnu-tools-for-stm32.10.3-2021.10.win32_1.0.0.202111181127/tools/bin/../lib/gcc/arm-none-eabi/10.3.1/../../../../arm-none-eabi/lib/thumb/v7e-m+fp/hard\libc_nano.a(lib_a-nano-mallocr.o)
                0x0000000020000b60                __malloc_free_list
 .bss.__malloc_sbrk_start
                0x0000000020000b64        0x4 f:/stm32cubeide_1.9.0/stm32cubeide/plugins/com.st.stm32cube.ide.mcu.externaltools.gnu-tools-for-stm32.10.3-2021.10.win32_1.0.0.202111181127/tools/bin/../lib/gcc/arm-none-eabi/10.3.1/../../../../arm-none-eabi/lib/thumb/v7e-m+fp/hard\libc_nano.a(lib_a-nano-mallocr.o)
                0x0000000020000b64                __malloc_sbrk_start
 .bss.__lock___malloc_recursive_mutex
                0x0000000020000b68        0x1 f:/stm32cubeide_1.9.0/stm32cubeide/plugins/com.st.stm32cube.ide.mcu.externaltools.gnu-tools-for-stm32.10.3-2021.10.win32_1.0.0.202111181127/tools/bin/../lib/gcc/arm-none-eabi/10.3.1/../../../../arm-none-eabi/lib/thumb/v7e-m+fp/hard\libc_nano.a(lib_a-lock.o)
                0x0000000020000b68                __lock___malloc_recursive_mutex
 .bss.__lock___sfp_recursive_mutex
                0x0000000020000b69        0x1 f:/stm32cubeide_1.9.0/stm32cubeide/plugins/com.st.stm32cube.ide.mcu.externaltools.gnu-tools-for-stm32.10.3-2021.10.win32_1.0.0.202111181127/tools/bin/../lib/gcc/arm-none-eabi/10.3.1/../../../../arm-none-eabi/lib/thumb/v7e-m+fp/hard\libc_nano.a(lib_a-lock.o)
                0x0000000020000b69                __lock___sfp_recursive_mutex
 .bss.__lock___sinit_recursive_mutex
                0x0000000020000b6a        0x1 f:/stm32cubeide_1.9.0/stm32cubeide/plugins/com.st.stm32cube.ide.mcu.externaltools.gnu-tools-for-stm32.10.3-2021.10.win32_1.0.0.202111181127/tools/bin/../lib/gcc/arm-none-eabi/10.3.1/../../../../arm-none-eabi/lib/thumb/v7e-m+fp/hard\libc_nano.a(lib_a-lock.o)
                0x0000000020000b6a                __lock___sinit_recursive_mutex
 *fill*         0x0000000020000b6b        0x1 
 .bss.errno     0x0000000020000b6c        0x4 f:/stm32cubeide_1.9.0/stm32cubeide/plugins/com.st.stm32cube.ide.mcu.externaltools.gnu-tools-for-stm32.10.3-2021.10.win32_1.0.0.202111181127/tools/bin/../lib/gcc/arm-none-eabi/10.3.1/../../../../arm-none-eabi/lib/thumb/v7e-m+fp/hard\libc_nano.a(lib_a-reent.o)
                0x0000000020000b6c                errno
 *(COMMON)
                0x0000000020000b70                . = ALIGN (0x4)
                0x0000000020000b70                _ebss = .
                0x0000000020000b70                __bss_end__ = _ebss

._user_heap_stack
                0x0000000020000b70     0x1000 load address 0x0000000008009124
                0x0000000020000b70                . = ALIGN (0x8)
                [!provide]                        PROVIDE (end = .)
                0x0000000020000b70                PROVIDE (_end = .)
                0x0000000020001370                . = (. + _Min_Heap_Size)
 *fill*         0x0000000020000b70      0x800 
                0x0000000020001b70                . = (. + _Min_Stack_Size)
 *fill*         0x0000000020001370      0x800 
                0x0000000020001b70                . = ALIGN (0x8)

/DISCARD/
 libc.a(*)
 libm.a(*)
 libgcc.a(*)

.ARM.attributes
                0x0000000000000000       0x30
 *(.ARM.attributes)
 .ARM.attributes
                0x0000000000000000       0x1e f:/stm32cubeide_1.9.0/stm32cubeide/plugins/com.st.stm32cube.ide.mcu.externaltools.gnu-tools-for-stm32.10.3-2021.10.win32_1.0.0.202111181127/tools/bin/../lib/gcc/arm-none-eabi/10.3.1/thumb/v7e-m+fp/hard/crti.o
 .ARM.attributes
                0x000000000000001e       0x34 f:/stm32cubeide_1.9.0/stm32cubeide/plugins/com.st.stm32cube.ide.mcu.externaltools.gnu-tools-for-stm32.10.3-2021.10.win32_1.0.0.202111181127/tools/bin/../lib/gcc/arm-none-eabi/10.3.1/thumb/v7e-m+fp/hard/crtbegin.o
 .ARM.attributes
                0x0000000000000052       0x34 ./Application/User/Core/crc.o
 .ARM.attributes
                0x0000000000000086       0x34 ./Application/User/Core/gpio.o
 .ARM.attributes
                0x00000000000000ba       0x34 ./Application/User/Core/i2c.o
 .ARM.attributes
                0x00000000000000ee       0x34 ./Application/User/Core/main.o
 .ARM.attributes
                0x0000000000000122       0x34 ./Application/User/Core/rtc.o
 .ARM.attributes
                0x0000000000000156       0x34 ./Application/User/Core/stm32f4xx_hal_msp.o
 .ARM.attributes
                0x000000000000018a       0x34 ./Application/User/Core/stm32f4xx_hal_timebase_tim.o
 .ARM.attributes
                0x00000000000001be       0x34 ./Application/User/Core/stm32f4xx_it.o
 .ARM.attributes
                0x00000000000001f2       0x34 ./Application/User/Core/syscalls.o
 .ARM.attributes
                0x0000000000000226       0x34 ./Application/User/Core/sysmem.o
 .ARM.attributes
                0x000000000000025a       0x21 ./Application/User/Startup/startup_stm32f401ccux.o
 .ARM.attributes
                0x000000000000027b       0x34 ./Application/User/X-CUBE-AI/App/app_x-cube-ai.o
 .ARM.attributes
                0x00000000000002af       0x34 ./Application/User/X-CUBE-AI/App/network.o
 .ARM.attributes
                0x00000000000002e3       0x34 ./Application/User/X-CUBE-AI/App/network_data.o
 .ARM.attributes
                0x0000000000000317       0x34 ./Application/User/X-CUBE-AI/App/network_data_params.o
 .ARM.attributes
                0x000000000000034b       0x34 ./Drivers/CMSIS/system_stm32f4xx.o
 .ARM.attributes
                0x000000000000037f       0x34 ./Drivers/STM32F4xx_HAL_Driver/stm32f4xx_hal.o
 .ARM.attributes
                0x00000000000003b3       0x34 ./Drivers/STM32F4xx_HAL_Driver/stm32f4xx_hal_cortex.o
 .ARM.attributes
                0x00000000000003e7       0x34 ./Drivers/STM32F4xx_HAL_Driver/stm32f4xx_hal_crc.o
 .ARM.attributes
                0x000000000000041b       0x34 ./Drivers/STM32F4xx_HAL_Driver/stm32f4xx_hal_gpio.o
 .ARM.attributes
                0x000000000000044f       0x34 ./Drivers/STM32F4xx_HAL_Driver/stm32f4xx_hal_i2c.o
 .ARM.attributes
                0x0000000000000483       0x34 ./Drivers/STM32F4xx_HAL_Driver/stm32f4xx_hal_rcc.o
 .ARM.attributes
                0x00000000000004b7       0x34 ./Drivers/STM32F4xx_HAL_Driver/stm32f4xx_hal_rcc_ex.o
 .ARM.attributes
                0x00000000000004eb       0x34 ./Drivers/STM32F4xx_HAL_Driver/stm32f4xx_hal_rtc.o
 .ARM.attributes
                0x000000000000051f       0x34 ./Drivers/STM32F4xx_HAL_Driver/stm32f4xx_hal_rtc_ex.o
 .ARM.attributes
                0x0000000000000553       0x34 ./Drivers/STM32F4xx_HAL_Driver/stm32f4xx_hal_tim.o
 .ARM.attributes
                0x0000000000000587       0x34 ./Drivers/STM32F4xx_HAL_Driver/stm32f4xx_hal_tim_ex.o
 .ARM.attributes
                0x00000000000005bb       0x30 ../../Middlewares/ST/AI/Lib\NetworkRuntime801_CM4_GCC.a(ai_platform.o)
 .ARM.attributes
                0x00000000000005eb       0x30 ../../Middlewares/ST/AI/Lib\NetworkRuntime801_CM4_GCC.a(ai_platform_interface.o)
 .ARM.attributes
                0x000000000000061b       0x30 ../../Middlewares/ST/AI/Lib\NetworkRuntime801_CM4_GCC.a(core_common.o)
 .ARM.attributes
                0x000000000000064b       0x30 ../../Middlewares/ST/AI/Lib\NetworkRuntime801_CM4_GCC.a(layers_conv2d_generic_float.o)
 .ARM.attributes
                0x000000000000067b       0x30 ../../Middlewares/ST/AI/Lib\NetworkRuntime801_CM4_GCC.a(layers_rnn_generic_float.o)
 .ARM.attributes
                0x00000000000006ab       0x30 ../../Middlewares/ST/AI/Lib\NetworkRuntime801_CM4_GCC.a(layers_nl_generic_float.o)
 .ARM.attributes
                0x00000000000006db       0x30 ../../Middlewares/ST/AI/Lib\NetworkRuntime801_CM4_GCC.a(layers.o)
 .ARM.attributes
                0x000000000000070b       0x30 ../../Middlewares/ST/AI/Lib\NetworkRuntime801_CM4_GCC.a(lite_dense_if32.o)
 .ARM.attributes
                0x000000000000073b       0x30 ../../Middlewares/ST/AI/Lib\NetworkRuntime801_CM4_GCC.a(ai_datatypes_internal.o)
 .ARM.attributes
                0x000000000000076b       0x30 ../../Middlewares/ST/AI/Lib\NetworkRuntime801_CM4_GCC.a(ai_datatypes_format.o)
 .ARM.attributes
                0x000000000000079b       0x34 f:/stm32cubeide_1.9.0/stm32cubeide/plugins/com.st.stm32cube.ide.mcu.externaltools.gnu-tools-for-stm32.10.3-2021.10.win32_1.0.0.202111181127/tools/bin/../lib/gcc/arm-none-eabi/10.3.1/../../../../arm-none-eabi/lib/thumb/v7e-m+fp/hard\libc_nano.a(lib_a-errno.o)
 .ARM.attributes
                0x00000000000007cf       0x34 f:/stm32cubeide_1.9.0/stm32cubeide/plugins/com.st.stm32cube.ide.mcu.externaltools.gnu-tools-for-stm32.10.3-2021.10.win32_1.0.0.202111181127/tools/bin/../lib/gcc/arm-none-eabi/10.3.1/../../../../arm-none-eabi/lib/thumb/v7e-m+fp/hard\libc_nano.a(lib_a-impure.o)
 .ARM.attributes
                0x0000000000000803       0x34 f:/stm32cubeide_1.9.0/stm32cubeide/plugins/com.st.stm32cube.ide.mcu.externaltools.gnu-tools-for-stm32.10.3-2021.10.win32_1.0.0.202111181127/tools/bin/../lib/gcc/arm-none-eabi/10.3.1/../../../../arm-none-eabi/lib/thumb/v7e-m+fp/hard\libc_nano.a(lib_a-init.o)
 .ARM.attributes
                0x0000000000000837       0x34 f:/stm32cubeide_1.9.0/stm32cubeide/plugins/com.st.stm32cube.ide.mcu.externaltools.gnu-tools-for-stm32.10.3-2021.10.win32_1.0.0.202111181127/tools/bin/../lib/gcc/arm-none-eabi/10.3.1/../../../../arm-none-eabi/lib/thumb/v7e-m+fp/hard\libc_nano.a(lib_a-memcpy-stub.o)
 .ARM.attributes
                0x000000000000086b       0x34 f:/stm32cubeide_1.9.0/stm32cubeide/plugins/com.st.stm32cube.ide.mcu.externaltools.gnu-tools-for-stm32.10.3-2021.10.win32_1.0.0.202111181127/tools/bin/../lib/gcc/arm-none-eabi/10.3.1/../../../../arm-none-eabi/lib/thumb/v7e-m+fp/hard\libc_nano.a(lib_a-memset.o)
 .ARM.attributes
                0x000000000000089f       0x34 f:/stm32cubeide_1.9.0/stm32cubeide/plugins/com.st.stm32cube.ide.mcu.externaltools.gnu-tools-for-stm32.10.3-2021.10.win32_1.0.0.202111181127/tools/bin/../lib/gcc/arm-none-eabi/10.3.1/../../../../arm-none-eabi/lib/thumb/v7e-m+fp/hard\libc_nano.a(lib_a-nano-freer.o)
 .ARM.attributes
                0x00000000000008d3       0x34 f:/stm32cubeide_1.9.0/stm32cubeide/plugins/com.st.stm32cube.ide.mcu.externaltools.gnu-tools-for-stm32.10.3-2021.10.win32_1.0.0.202111181127/tools/bin/../lib/gcc/arm-none-eabi/10.3.1/../../../../arm-none-eabi/lib/thumb/v7e-m+fp/hard\libc_nano.a(lib_a-nano-mallocr.o)
 .ARM.attributes
                0x0000000000000907       0x34 f:/stm32cubeide_1.9.0/stm32cubeide/plugins/com.st.stm32cube.ide.mcu.externaltools.gnu-tools-for-stm32.10.3-2021.10.win32_1.0.0.202111181127/tools/bin/../lib/gcc/arm-none-eabi/10.3.1/../../../../arm-none-eabi/lib/thumb/v7e-m+fp/hard\libc_nano.a(lib_a-printf.o)
 .ARM.attributes